Microchip MPLAB XC8 Compiler V2.46

Linker command line:

-W-3 \
  --edf=C:\Program Files\Microchip\xc8\v2.46\pic\dat\20240104201356_en.msgs \
  -cn -h+dist/default/debug\ee.X.debug.sym \
  --cmf=dist/default/debug\ee.X.debug.cmf -z -Q16F1827 \
  -oC:\Users\HERBER~1\AppData\Local\Temp\xcAs20bk.\driver_tmp_3.o \
  --defsym=__MPLAB_BUILD=1 --fixupoverflow=error \
  -Mdist/default/debug/ee.X.debug.map \
  --md=C:\Users\HERBER~1\AppData\Local\Temp\xcAs20bk.\driver_tmp_0.dat -E1 \
  -ver=XC8 Compiler --acfsm=1493 -ACODE=00h-07FFhx2 -ASTRCODE=00h-0FFFh \
  -ASTRING=00h-0FFhx16 -ACONST=00h-0FFhx16 -AENTRY=00h-0FFhx16 \
  -ACOMMON=070h-07Fh -ABANK0=020h-06Fh -ABANK1=0A0h-0EFh \
  -ABANK2=0120h-016Fh -ABANK3=01A0h-01EFh -ABANK4=0220h-024Fh \
  -ABIGRAM=02000h-0216Fh \
  -ARAM=020h-06Fh,0A0h-0EFh,0120h-016Fh,01A0h-01EFh,0220h-024Fh \
  -AABS1=020h-07Fh,0A0h-0EFh,0120h-016Fh,01A0h-01EFh,0220h-024Fh \
  -ASFR0=00h-01Fh -ASFR1=080h-09Fh -ASFR2=0100h-011Fh -ASFR3=0180h-019Fh \
  -ASFR4=0200h-021Fh -ASFR5=0280h-02EFh -ASFR6=0300h-036Fh \
  -ASFR7=0380h-03EFh -ASFR8=0400h-046Fh -ASFR9=0480h-04EFh \
  -ASFR10=0500h-056Fh -ASFR11=0580h-05EFh -ASFR12=0600h-066Fh \
  -ASFR13=0680h-06EFh -ASFR14=0700h-076Fh -ASFR15=0780h-07EFh \
  -ASFR16=0800h-086Fh -ASFR17=0880h-08EFh -ASFR18=0900h-096Fh \
  -ASFR19=0980h-09EFh -ASFR20=0A00h-0A6Fh -ASFR21=0A80h-0AEFh \
  -ASFR22=0B00h-0B6Fh -ASFR23=0B80h-0BEFh -ASFR24=0C00h-0C6Fh \
  -ASFR25=0C80h-0CEFh -ASFR26=0D00h-0D6Fh -ASFR27=0D80h-0DEFh \
  -ASFR28=0E00h-0E6Fh -ASFR29=0E80h-0EEFh -ASFR30=0F00h-0F6Fh \
  -ASFR31=0F80h-0FEFh -ACONFIG=08007h-08008h -DCONFIG=2 \
  -AIDLOC=08000h-08003h -DIDLOC=2 -AEEDATA=00h-0FFh/0F000h \
  -peeprom_data=EEDATA -DEEDATA=2 -DCODE=2 -DSTRCODE=2 -DSTRING=2 -DCONST=2 \
  -DENTRY=2 -preset_vec=00h,intentry=04h,sivt,init,end_init -ppowerup=CODE \
  -pcinit=CODE -pfunctab=ENTRY -k \
  C:\Users\HERBER~1\AppData\Local\Temp\xcAs20bk.\driver_tmp_15.o \
  dist/default/debug\ee.X.debug.o 

Object code version is 3.11

Machine type is 16F1827



                Name                               Link     Load   Length Selector   Space Scale
C:\Users\HERBER~1\AppData\Local\Temp\xcAs20bk.\driver_tmp_15.o
                end_init                             42       42        2        8       0
                reset_vec                             0        0        2        0       0
                config                             8007     8007        2        0       4
dist/default/debug\ee.X.debug.o
                cinit                                44       44       29        8       0
                intentry                              4        4       3E        8       0
                config                             8007     8007        2        0       4
                text62                              EB7      EB7        A     1D6E       0
                text61                              55D      55D       53        8       0
                text60                              F28      F28       11     1E50       0
                text59                              6E9      6E9       2B        8       0
                text58                              E45      E45        1     1C8A       0
                text57                              F39      F39       12     1E72       0
                text56                              FB0      FB0       17     1F60       0
                text55                              31D      31D       79        8       0
                text54                              714      714       2A        8       0
                text53                              28D      28D       90        8       0
                text52                              65D      65D       33        8       0
                text51                              396      396       5D        8       0
                text50                               6D       6D      17B        8       0
                text49                              F71      F71       14     1EE2       0
                text48                              7E7      7E7       19        8       0
                text47                              78A      78A       20        8       0
                text46                              FE2      FE2       1E     1FC4       0
                text45                              FC7      FC7       1B     1F8E       0
                text44                              690      690       2E        8       0
                text43                              ECE      ECE        E     1D9C       0
                text42                              5EC      5EC       3C        8       0
                text41                              7AA      7AA       1F        8       0
                text40                              5B0      5B0       3C        8       0
                text39                              E46      E46        1     1C8C       0
                text38                              EDC      EDC        F     1DB8       0
                text37                              1E8      1E8       A5        8       0
                text36                                2        2        1        0       0
                text35                              504      504       59        8       0
                text34                              EEB      EEB        F     1DD6       0
                text33                              44F      44F       5C        8       0
                text32                                3        3        1        6       0
                text31                              628      628       35        8       0
                text30                              EFA      EFA        F     1DF4       0
                text28                              E47      E47        4     1C8E       0
                text27                              F18      F18       10     1E30       0
                text26                              E58      E58        6     1CB0       0
                text25                              73E      73E       27        8       0
                text24                              E53      E53        5     1CA6       0
                text23                              EA7      EA7        8     1D4E       0
                text22                              E5E      E5E        6     1CBC       0
                text21                              E64      E64        6     1CC8       0
                text20                              EC1      EC1        D     1D82       0
                text19                              E6A      E6A        6     1CD4       0
                text18                              E70      E70        6     1CE0       0
                text17                              E76      E76        6     1CEC       0
                text16                              765      765       25        8       0
                text15                              E4B      E4B        4     1C96       0
                text14                              EA0      EA0        7     1D40       0
                text13                              F9A      F9A       16     1F34       0
                text12                              E7C      E7C        6     1CF8       0
                text11                              F85      F85       15     1F0A       0
                text10                              E82      E82        6     1D04       0
                text9                               7C9      7C9       1E        8       0
                text8                               EAF      EAF        8     1D5E       0
                text7                               E88      E88        6     1D10       0
                text6                               F4B      F4B       13     1E96       0
                text5                               E8E      E8E        6     1D1C       0
                text4                               F5E      F5E       13     1EBC       0
                text3                               E4F      E4F        4     1C9E       0
                text2                               6BE      6BE       2B        8       0
                text1                               3F3      3F3       5C        8       0
                maintext                            4AB      4AB       59        8       0
                cstackBANK0                          20       20       39       20       1
                cstackCOMMON                         70       70        D       70       1
                cstackBANK1                          E6       E6        7       A0       1
                clrtext                             E94      E94        6     1D28       0
                inittext                            E9A      E9A        6     1D34       0
                bssBANK2                            120      120        F      120       1
                dataBANK1                            C9       C9        F       A0       1
                bssBANK1                             A0       A0       29       A0       1
                bssBANK0                             59       59       17       20       1
                bssCOMMON                            7D       7D        1       70       1
                nvBANK1                              D8       D8        E       A0       1
                idataEEDATA                           0     F000       66    1E000       3
                idataBANK1                          F09      F09        F     1E12       0

TOTAL           Name                               Link     Load   Length     Space
        CLASS   CODE           
                end_init                             42       42        2         0
                cinit                                44       44       29         0
                intentry                              4        4       3E         0
                reset_vec                             0        0        2         0
                text62                              EB7      EB7        A         0
                text61                              55D      55D       53         0
                text60                              F28      F28       11         0
                text59                              6E9      6E9       2B         0
                text58                              E45      E45        1         0
                text57                              F39      F39       12         0
                text56                              FB0      FB0       17         0
                text55                              31D      31D       79         0
                text54                              714      714       2A         0
                text53                              28D      28D       90         0
                text52                              65D      65D       33         0
                text51                              396      396       5D         0
                text50                               6D       6D      17B         0
                text49                              F71      F71       14         0
                text48                              7E7      7E7       19         0
                text47                              78A      78A       20         0
                text46                              FE2      FE2       1E         0
                text45                              FC7      FC7       1B         0
                text44                              690      690       2E         0
                text43                              ECE      ECE        E         0
                text42                              5EC      5EC       3C         0
                text41                              7AA      7AA       1F         0
                text40                              5B0      5B0       3C         0
                text39                              E46      E46        1         0
                text38                              EDC      EDC        F         0
                text37                              1E8      1E8       A5         0
                text36                                2        2        1         0
                text35                              504      504       59         0
                text34                              EEB      EEB        F         0
                text33                              44F      44F       5C         0
                text32                                3        3        1         0
                text31                              628      628       35         0
                text30                              EFA      EFA        F         0
                text28                              E47      E47        4         0
                text27                              F18      F18       10         0
                text26                              E58      E58        6         0
                text25                              73E      73E       27         0
                text24                              E53      E53        5         0
                text23                              EA7      EA7        8         0
                text22                              E5E      E5E        6         0
                text21                              E64      E64        6         0
                text20                              EC1      EC1        D         0
                text19                              E6A      E6A        6         0
                text18                              E70      E70        6         0
                text17                              E76      E76        6         0
                text16                              765      765       25         0
                text15                              E4B      E4B        4         0
                text14                              EA0      EA0        7         0
                text13                              F9A      F9A       16         0
                text12                              E7C      E7C        6         0
                text11                              F85      F85       15         0
                text10                              E82      E82        6         0
                text9                               7C9      7C9       1E         0
                text8                               EAF      EAF        8         0
                text7                               E88      E88        6         0
                text6                               F4B      F4B       13         0
                text5                               E8E      E8E        6         0
                text4                               F5E      F5E       13         0
                text3                               E4F      E4F        4         0
                text2                               6BE      6BE       2B         0
                text1                               3F3      3F3       5C         0
                maintext                            4AB      4AB       59         0
                clrtext                             E94      E94        6         0
                inittext                            E9A      E9A        6         0
                idataBANK1                          F09      F09        F         0

        CLASS   STRCODE        

        CLASS   STRING         

        CLASS   CONST          

        CLASS   ENTRY          

        CLASS   COMMON         
                cstackCOMMON                         70       70        D         1
                bssCOMMON                            7D       7D        1         1

        CLASS   BANK0          
                cstackBANK0                          20       20       39         1
                bssBANK0                             59       59       17         1

        CLASS   BANK1          
                cstackBANK1                          E6       E6        7         1
                dataBANK1                            C9       C9        F         1
                bssBANK1                             A0       A0       29         1
                nvBANK1                              D8       D8        E         1

        CLASS   BANK2          
                bssBANK2                            120      120        F         1

        CLASS   BANK3          

        CLASS   BANK4          

        CLASS   BIGRAM         

        CLASS   RAM            

        CLASS   ABS1           
                abs_s1                               7E       7E        2         1

        CLASS   SFR0           

        CLASS   SFR1           

        CLASS   SFR2           

        CLASS   SFR3           

        CLASS   SFR4           

        CLASS   SFR5           

        CLASS   SFR6           

        CLASS   SFR7           

        CLASS   SFR8           

        CLASS   SFR9           

        CLASS   SFR10          

        CLASS   SFR11          

        CLASS   SFR12          

        CLASS   SFR13          

        CLASS   SFR14          

        CLASS   SFR15          

        CLASS   SFR16          

        CLASS   SFR17          

        CLASS   SFR18          

        CLASS   SFR19          

        CLASS   SFR20          

        CLASS   SFR21          

        CLASS   SFR22          

        CLASS   SFR23          

        CLASS   SFR24          

        CLASS   SFR25          

        CLASS   SFR26          

        CLASS   SFR27          

        CLASS   SFR28          

        CLASS   SFR29          

        CLASS   SFR30          

        CLASS   SFR31          

        CLASS   CONFIG         
                config                             8007     8007        2         4

        CLASS   IDLOC          

        CLASS   EEDATA         
                idataEEDATA                           0     F000       66         3

        CLASS   BANK31         

        CLASS   BANK30         

        CLASS   BANK29         

        CLASS   BANK28         

        CLASS   BANK27         

        CLASS   BANK26         

        CLASS   BANK25         

        CLASS   BANK24         

        CLASS   BANK23         

        CLASS   BANK22         

        CLASS   BANK21         

        CLASS   BANK20         

        CLASS   BANK19         

        CLASS   BANK18         

        CLASS   BANK17         

        CLASS   BANK16         

        CLASS   BANK15         

        CLASS   BANK14         

        CLASS   BANK13         

        CLASS   BANK12         

        CLASS   BANK11         

        CLASS   BANK10         

        CLASS   BANK9          

        CLASS   BANK8          

        CLASS   BANK7          

        CLASS   BANK6          

        CLASS   BANK5          

        CLASS   HEAP           

        CLASS   STACK          



SEGMENTS        Name                           Load    Length   Top    Selector   Space  Class     Delta

                reset_vec                      000000  000003  000003         0       0  CODE        2
                text32                         000003  000001  000004         6       0  CODE        2
                intentry                       000004  0007FC  000800         8       0  CODE        2
                cstackBANK0                    000020  000050  000070        20       1  BANK0       1
                cstackCOMMON                   000070  00000E  00007E        70       1  COMMON      1
                bssBANK1                       0000A0  00004D  0000ED        A0       1  BANK1       1
                bssBANK2                       000120  00000F  00012F       120       1  BANK2       1
                text58                         000E45  000001  000E46      1C8A       0  CODE        2
                text39                         000E46  000001  000E47      1C8C       0  CODE        2
                text28                         000E47  000004  000E4B      1C8E       0  CODE        2
                text15                         000E4B  000004  000E4F      1C96       0  CODE        2
                text3                          000E4F  000004  000E53      1C9E       0  CODE        2
                text24                         000E53  000005  000E58      1CA6       0  CODE        2
                text26                         000E58  000006  000E5E      1CB0       0  CODE        2
                text22                         000E5E  000006  000E64      1CBC       0  CODE        2
                text21                         000E64  000006  000E6A      1CC8       0  CODE        2
                text19                         000E6A  000006  000E70      1CD4       0  CODE        2
                text18                         000E70  000006  000E76      1CE0       0  CODE        2
                text17                         000E76  000006  000E7C      1CEC       0  CODE        2
                text12                         000E7C  000006  000E82      1CF8       0  CODE        2
                text10                         000E82  000006  000E88      1D04       0  CODE        2
                text7                          000E88  000006  000E8E      1D10       0  CODE        2
                text5                          000E8E  000006  000E94      1D1C       0  CODE        2
                clrtext                        000E94  000006  000E9A      1D28       0  CODE        2
                inittext                       000E9A  000006  000EA0      1D34       0  CODE        2
                text14                         000EA0  000007  000EA7      1D40       0  CODE        2
                text23                         000EA7  000008  000EAF      1D4E       0  CODE        2
                text8                          000EAF  000008  000EB7      1D5E       0  CODE        2
                text62                         000EB7  00000A  000EC1      1D6E       0  CODE        2
                text20                         000EC1  00000D  000ECE      1D82       0  CODE        2
                text43                         000ECE  00000E  000EDC      1D9C       0  CODE        2
                text38                         000EDC  00000F  000EEB      1DB8       0  CODE        2
                text34                         000EEB  00000F  000EFA      1DD6       0  CODE        2
                text30                         000EFA  00000F  000F09      1DF4       0  CODE        2
                idataBANK1                     000F09  00000F  000F18      1E12       0  CODE        2
                text27                         000F18  000010  000F28      1E30       0  CODE        2
                text60                         000F28  000011  000F39      1E50       0  CODE        2
                text57                         000F39  000012  000F4B      1E72       0  CODE        2
                text6                          000F4B  000013  000F5E      1E96       0  CODE        2
                text4                          000F5E  000013  000F71      1EBC       0  CODE        2
                text49                         000F71  000014  000F85      1EE2       0  CODE        2
                text11                         000F85  000015  000F9A      1F0A       0  CODE        2
                text13                         000F9A  000016  000FB0      1F34       0  CODE        2
                text56                         000FB0  000017  000FC7      1F60       0  CODE        2
                text45                         000FC7  00001B  000FE2      1F8E       0  CODE        2
                text46                         000FE2  00001E  001000      1FC4       0  CODE        2
                idataEEDATA                    00F000  000066  00F066     1E000       3  EEDATA      2


UNUSED ADDRESS RANGES

        Name                Unused          Largest block    Delta
        BANK1            000ED-000EF               3           1
        BANK2            0012F-0016F              41           1
        BANK3            001A0-001EF              50           1
        BANK4            00220-0024F              30           1
        BIGRAM           02000-0216F             170           1
        CODE             00800-00E44             645           2
        CONST            00800-00E44             100           2
        EEDATA           0F066-0F0FF              9A           2
        ENTRY            00800-00E44             100           2
        IDLOC            08000-08003               4           2
        RAM              000ED-000EF               3           1
                         0012F-0016F              41
                         001A0-001EF              50
                         00220-0024F              30
        SFR0             00000-0001F              20           1
        SFR1             00080-0009F              20           1
        SFR10            00500-0056F              70           1
        SFR11            00580-005EF              70           1
        SFR12            00600-0066F              70           1
        SFR13            00680-006EF              70           1
        SFR14            00700-0076F              70           1
        SFR15            00780-007EF              70           1
        SFR16            00800-0086F              70           1
        SFR17            00880-008EF              70           1
        SFR18            00900-0096F              70           1
        SFR19            00980-009EF              70           1
        SFR2             00100-0011F              20           1
        SFR20            00A00-00A6F              70           1
        SFR21            00A80-00AEF              70           1
        SFR22            00B00-00B6F              70           1
        SFR23            00B80-00BEF              70           1
        SFR24            00C00-00C6F              70           1
        SFR25            00C80-00CEF              70           1
        SFR26            00D00-00D6F              70           1
        SFR27            00D80-00DEF              70           1
        SFR28            00E00-00E6F              70           1
        SFR29            00E80-00EEF              70           1
        SFR3             00180-0019F              20           1
        SFR30            00F00-00F6F              70           1
        SFR31            00F80-00FEF              70           1
        SFR4             00200-0021F              20           1
        SFR5             00280-002EF              70           1
        SFR6             00300-0036F              70           1
        SFR7             00380-003EF              70           1
        SFR8             00400-0046F              70           1
        SFR9             00480-004EF              70           1
        STRCODE          00800-00E44             645           2
        STRING           00800-00E44             100           2

                                  Symbol Table

?_ADC_GetConversion                            cstackCOMMON 00070
?_TMR1_ReadTimer                               cstackCOMMON 00070
?___aldiv                                      cstackBANK0  00020
?___atdiv                                      cstackBANK0  00020
?___eetoi                                      cstackCOMMON 00076
?___lmul                                       cstackCOMMON 00070
?___lwdiv                                      cstackCOMMON 00070
?___tmul                                       cstackCOMMON 00070
?___wmul                                       cstackBANK0  00020
?_map_value                                    cstackBANK0  0002E
?_velocidade_som                               cstackCOMMON 0007B
ADC_GetConversion@channel                      cstackCOMMON 00073
Dados_recebidos@rxData                         cstackBANK1  000E8
EPWM1_LoadDutyValue@dutyValue                  cstackCOMMON 00070
EUSART_SetErrorHandler@interruptHandler        cstackBANK1  000E6
EUSART_SetFramingErrorHandler@interruptHandler cstackBANK1  000E6
EUSART_SetOverrunErrorHandler@interruptHandler cstackBANK1  000E6
EUSART_Write@txData                            cstackCOMMON 00070
TMR0_SetInterruptHandler@InterruptHandler      cstackBANK1  000E6
TMR1_ReadTimer@readVal                         cstackCOMMON 00077
TMR1_ReadTimer@readValHigh                     cstackCOMMON 00079
TMR1_ReadTimer@readValLow                      cstackCOMMON 0007A
TMR1_SetGateInterruptHandler@InterruptHandler  cstackBANK1  000E6
TMR1_WriteTimer@timerVal                       cstackCOMMON 00070
TMR4_SetInterruptHandler@InterruptHandler      cstackBANK1  000E6
TMR4_WriteTimer@timerVal                       cstackBANK1  000E6
TMR6_SetInterruptHandler@InterruptHandler      cstackBANK1  000E6
_ADCON0                                        (abs)        0009D
_ADCON0bits                                    (abs)        0009D
_ADCON1                                        (abs)        0009E
_ADC_GetConversion                             text45       00FC7
_ADC_Initialize                                text23       00EA7
_ADRESH                                        (abs)        0009C
_ADRESL                                        (abs)        0009B
_ANSELA                                        (abs)        0018C
_ANSELB                                        (abs)        0018D
_APFCON0                                       (abs)        0011D
_APFCON1                                       (abs)        0011E
_BAUDCON                                       (abs)        0019F
_BORCON                                        (abs)        00116
_CCP1CON                                       (abs)        00293
_CCPR1H                                        (abs)        00292
_CCPR1L                                        (abs)        00291
_CCPTMRS0bits                                  (abs)        0029E
_CM1CON0                                       (abs)        00111
_CM1CON1                                       (abs)        00112
_CMOUTbits                                     (abs)        00115
_CMP1_GetOutputStatus                          text28       00E47
_CMP1_Initialize                               text22       00E5E
_Comando_PIeD                                  text49       00F71
_Controlador                                   text50       0006D
_DACCON0                                       (abs)        00118
_DACCON1                                       (abs)        00119
_DAC_Initialize                                text21       00E64
_DRMotordePassos                               text31       00628
_Dados_recebidos                               text25       0073E
_ECCP1AS                                       (abs)        00295
_EEADR                                         (abs)        00191
_EECON1                                        (abs)        00195
_EECON1bits                                    (abs)        00195
_EEDATA                                        (abs)        00193
_EPWM1_Initialize                              text20       00EC1
_EPWM1_LoadDutyValue                           text56       00FB0
_EUSART_DefaultErrorHandler                    (abs)        00000
_EUSART_DefaultFramingErrorHandler             (abs)        00000
_EUSART_DefaultOverrunErrorHandler             (abs)        00000
_EUSART_ErrorHandler                           nvBANK1      000DE
_EUSART_FramingErrorHandler                    nvBANK1      000E2
_EUSART_Initialize                             text16       00765
_EUSART_OverrunErrorHandler                    nvBANK1      000E0
_EUSART_Read                                   text27       00F18
_EUSART_SetErrorHandler                        text19       00E6A
_EUSART_SetFramingErrorHandler                 text18       00E70
_EUSART_SetOverrunErrorHandler                 text17       00E76
_EUSART_Write                                  text62       00EB7
_EUSART_is_rx_ready                            text24       00E53
_EnviaTx                                       text61       0055D
_FVRCON                                        (abs)        00117
_FVRCONbits                                    (abs)        00117
_FVR_Initialize                                text15       00E4B
_INTCONbits                                    (abs)        0000B
_INTERRUPT_InterruptManager                    intentry     00004
_LATA                                          (abs)        0010C
_LATAbits                                      (abs)        0010C
_LATB                                          (abs)        0010D
_OPTION_REG                                    (abs)        00095
_OPTION_REGbits                                (abs)        00095
_OSCCON                                        (abs)        00099
_OSCILLATOR_Initialize                         text14       00EA0
_OSCTUNE                                       (abs)        00098
_PIE1bits                                      (abs)        00091
_PIE3bits                                      (abs)        00093
_PIN_MANAGER_Initialize                        text13       00F9A
_PIR1bits                                      (abs)        00011
_PIR3bits                                      (abs)        00013
_PR2                                           (abs)        0001B
_PR4                                           (abs)        00416
_PR6                                           (abs)        0041D
_PSTR1CON                                      (abs)        00296
_PWM1CON                                       (abs)        00294
_ProcessaDados                                 text35       00504
_RCREG                                         (abs)        00199
_RCSTA                                         (abs)        0019D
_RCSTAbits                                     (abs)        0019D
_RxBuffer                                      bssBANK1     000A0
_SPBRGH                                        (abs)        0019C
_SPBRGL                                        (abs)        0019B
_SYSTEM_Initialize                             text2        006BE
_Set_altura                                    bssBANK0     0006B
_Set_ciclo                                     bssBANK0     00067
_Set_valvula                                   bssBANK0     00069
_T1CON                                         (abs)        00018
_T1CONbits                                     (abs)        00018
_T1GCON                                        (abs)        00019
_T1GCONbits                                    (abs)        00019
_T2CON                                         (abs)        0001C
_T2CONbits                                     (abs)        0001C
_T4CON                                         (abs)        00417
_T4CONbits                                     (abs)        00417
_T6CON                                         (abs)        0041E
_T6CONbits                                     (abs)        0041E
_TMR0                                          (abs)        00015
_TMR0_DefaultInterruptHandler                  text58       00E45
_TMR0_ISR                                      text57       00F39
_TMR0_Initialize                               text11       00F85
_TMR0_InterruptHandler                         nvBANK1      000DA
_TMR0_SetInterruptHandler                      text12       00E7C
_TMR1H                                         (abs)        00017
_TMR1L                                         (abs)        00016
_TMR1_DefaultGateInterruptHandler              text39       00E46
_TMR1_GATE_ISR                                 text38       00EDC
_TMR1_GateInterruptHandler                     nvBANK1      000E4
_TMR1_Initialize                               text9        007C9
_TMR1_ReadTimer                                text48       007E7
_TMR1_SetGateInterruptHandler                  text10       00E82
_TMR1_WriteTimer                               text60       00F28
_TMR2                                          (abs)        0001A
_TMR2_Initialize                               text8        00EAF
_TMR4                                          (abs)        00415
_TMR4_DefaultInterruptHandler                  text36       00002
_TMR4_ISR                                      text34       00EEB
_TMR4_Initialize                               text6        00F4B
_TMR4_InterruptHandler                         nvBANK1      000DC
_TMR4_SetInterruptHandler                      text7        00E88
_TMR4_WriteTimer                               text26       00E58
_TMR6                                          (abs)        0041C
_TMR6_DefaultInterruptHandler                  text32       00003
_TMR6_ISR                                      text30       00EFA
_TMR6_Initialize                               text4        00F5E
_TMR6_InterruptHandler                         nvBANK1      000D8
_TMR6_SetInterruptHandler                      text5        00E8E
_TRISA                                         (abs)        0008C
_TRISB                                         (abs)        0008D
_TXREG                                         (abs)        0019A
_TXSTA                                         (abs)        0019E
_TXSTAbits                                     (abs)        0019E
_WDTCON                                        (abs)        00097
_WDT_Initialize                                text3        00E4F
_WPUA                                          (abs)        0020C
_WPUB                                          (abs)        0020D
__H__absolute__                                __absolute__ 00000
__Habs1                                        abs1         00000
__Hbank0                                       bank0        00000
__Hbank1                                       bank1        00000
__Hbank10                                      bank10       00000
__Hbank11                                      bank11       00000
__Hbank12                                      bank12       00000
__Hbank13                                      bank13       00000
__Hbank14                                      bank14       00000
__Hbank15                                      bank15       00000
__Hbank16                                      bank16       00000
__Hbank17                                      bank17       00000
__Hbank18                                      bank18       00000
__Hbank19                                      bank19       00000
__Hbank2                                       bank2        00000
__Hbank20                                      bank20       00000
__Hbank21                                      bank21       00000
__Hbank22                                      bank22       00000
__Hbank23                                      bank23       00000
__Hbank24                                      bank24       00000
__Hbank25                                      bank25       00000
__Hbank26                                      bank26       00000
__Hbank27                                      bank27       00000
__Hbank28                                      bank28       00000
__Hbank29                                      bank29       00000
__Hbank3                                       bank3        00000
__Hbank30                                      bank30       00000
__Hbank31                                      bank31       00000
__Hbank4                                       bank4        00000
__Hbank5                                       bank5        00000
__Hbank6                                       bank6        00000
__Hbank7                                       bank7        00000
__Hbank8                                       bank8        00000
__Hbank9                                       bank9        00000
__Hbigram                                      bigram       00000
__HbssBANK0                                    bssBANK0     00000
__HbssBANK1                                    bssBANK1     00000
__HbssBANK2                                    bssBANK2     00000
__HbssCOMMON                                   bssCOMMON    00000
__Hcinit                                       cinit        0006D
__Hclrtext                                     clrtext      00000
__Hcode                                        code         00000
__Hcommon                                      common       00000
__Hconfig                                      config       08009
__HcstackBANK0                                 cstackBANK0  00000
__HcstackBANK1                                 cstackBANK1  00000
__HcstackCOMMON                                cstackCOMMON 00000
__HdataBANK1                                   dataBANK1    00000
__HdataEEDATA                                  dataEEDATA   00000
__Heeprom_data                                 eeprom_data  00000
__Hend_init                                    end_init     00044
__Hfunctab                                     functab      00000
__Hheap                                        heap         00000
__HidataBANK1                                  idataBANK1   00000
__HidataEEDATA                                 idataEEDATA  00000
__Hinit                                        init         00042
__Hinittext                                    inittext     00000
__Hintentry                                    intentry     00042
__Hmaintext                                    maintext     00000
__HnvBANK1                                     nvBANK1      00000
__Hpowerup                                     powerup      00000
__Hram                                         ram          00000
__Hreset_vec                                   reset_vec    00002
__Hsfr0                                        sfr0         00000
__Hsfr1                                        sfr1         00000
__Hsfr10                                       sfr10        00000
__Hsfr11                                       sfr11        00000
__Hsfr12                                       sfr12        00000
__Hsfr13                                       sfr13        00000
__Hsfr14                                       sfr14        00000
__Hsfr15                                       sfr15        00000
__Hsfr16                                       sfr16        00000
__Hsfr17                                       sfr17        00000
__Hsfr18                                       sfr18        00000
__Hsfr19                                       sfr19        00000
__Hsfr2                                        sfr2         00000
__Hsfr20                                       sfr20        00000
__Hsfr21                                       sfr21        00000
__Hsfr22                                       sfr22        00000
__Hsfr23                                       sfr23        00000
__Hsfr24                                       sfr24        00000
__Hsfr25                                       sfr25        00000
__Hsfr26                                       sfr26        00000
__Hsfr27                                       sfr27        00000
__Hsfr28                                       sfr28        00000
__Hsfr29                                       sfr29        00000
__Hsfr3                                        sfr3         00000
__Hsfr30                                       sfr30        00000
__Hsfr31                                       sfr31        00000
__Hsfr4                                        sfr4         00000
__Hsfr5                                        sfr5         00000
__Hsfr6                                        sfr6         00000
__Hsfr7                                        sfr7         00000
__Hsfr8                                        sfr8         00000
__Hsfr9                                        sfr9         00000
__Hsivt                                        sivt         00042
__Hspace_0                                     (abs)        01000
__Hspace_1                                     (abs)        0012F
__Hspace_2                                     (abs)        00000
__Hspace_3                                     (abs)        00066
__Hspace_4                                     (abs)        10010
__Hstack                                       stack        00000
__Hstrings                                     strings      00000
__Htext                                        text         00000
__L__absolute__                                __absolute__ 00000
__Labs1                                        abs1         00000
__Lbank0                                       bank0        00000
__Lbank1                                       bank1        00000
__Lbank10                                      bank10       00000
__Lbank11                                      bank11       00000
__Lbank12                                      bank12       00000
__Lbank13                                      bank13       00000
__Lbank14                                      bank14       00000
__Lbank15                                      bank15       00000
__Lbank16                                      bank16       00000
__Lbank17                                      bank17       00000
__Lbank18                                      bank18       00000
__Lbank19                                      bank19       00000
__Lbank2                                       bank2        00000
__Lbank20                                      bank20       00000
__Lbank21                                      bank21       00000
__Lbank22                                      bank22       00000
__Lbank23                                      bank23       00000
__Lbank24                                      bank24       00000
__Lbank25                                      bank25       00000
__Lbank26                                      bank26       00000
__Lbank27                                      bank27       00000
__Lbank28                                      bank28       00000
__Lbank29                                      bank29       00000
__Lbank3                                       bank3        00000
__Lbank30                                      bank30       00000
__Lbank31                                      bank31       00000
__Lbank4                                       bank4        00000
__Lbank5                                       bank5        00000
__Lbank6                                       bank6        00000
__Lbank7                                       bank7        00000
__Lbank8                                       bank8        00000
__Lbank9                                       bank9        00000
__Lbigram                                      bigram       00000
__LbssBANK0                                    bssBANK0     00000
__LbssBANK1                                    bssBANK1     00000
__LbssBANK2                                    bssBANK2     00000
__LbssCOMMON                                   bssCOMMON    00000
__Lcinit                                       cinit        00044
__Lclrtext                                     clrtext      00000
__Lcode                                        code         00000
__Lcommon                                      common       00000
__Lconfig                                      config       00000
__LcstackBANK0                                 cstackBANK0  00000
__LcstackBANK1                                 cstackBANK1  00000
__LcstackCOMMON                                cstackCOMMON 00000
__LdataBANK1                                   dataBANK1    00000
__LdataEEDATA                                  dataEEDATA   00000
__Leeprom_data                                 eeprom_data  00000
__Lend_init                                    end_init     00042
__Lfunctab                                     functab      00000
__Lheap                                        heap         00000
__LidataBANK1                                  idataBANK1   00000
__LidataEEDATA                                 idataEEDATA  00000
__Linit                                        init         00042
__Linittext                                    inittext     00000
__Lintentry                                    intentry     00004
__Lmaintext                                    maintext     00000
__LnvBANK1                                     nvBANK1      00000
__Lpowerup                                     powerup      00000
__Lram                                         ram          00000
__Lreset_vec                                   reset_vec    00000
__Lsfr0                                        sfr0         00000
__Lsfr1                                        sfr1         00000
__Lsfr10                                       sfr10        00000
__Lsfr11                                       sfr11        00000
__Lsfr12                                       sfr12        00000
__Lsfr13                                       sfr13        00000
__Lsfr14                                       sfr14        00000
__Lsfr15                                       sfr15        00000
__Lsfr16                                       sfr16        00000
__Lsfr17                                       sfr17        00000
__Lsfr18                                       sfr18        00000
__Lsfr19                                       sfr19        00000
__Lsfr2                                        sfr2         00000
__Lsfr20                                       sfr20        00000
__Lsfr21                                       sfr21        00000
__Lsfr22                                       sfr22        00000
__Lsfr23                                       sfr23        00000
__Lsfr24                                       sfr24        00000
__Lsfr25                                       sfr25        00000
__Lsfr26                                       sfr26        00000
__Lsfr27                                       sfr27        00000
__Lsfr28                                       sfr28        00000
__Lsfr29                                       sfr29        00000
__Lsfr3                                        sfr3         00000
__Lsfr30                                       sfr30        00000
__Lsfr31                                       sfr31        00000
__Lsfr4                                        sfr4         00000
__Lsfr5                                        sfr5         00000
__Lsfr6                                        sfr6         00000
__Lsfr7                                        sfr7         00000
__Lsfr8                                        sfr8         00000
__Lsfr9                                        sfr9         00000
__Lsivt                                        sivt         00042
__Lspace_0                                     (abs)        00000
__Lspace_1                                     (abs)        00000
__Lspace_2                                     (abs)        00000
__Lspace_3                                     (abs)        00000
__Lspace_4                                     (abs)        00000
__Lstack                                       stack        00000
__Lstrings                                     strings      00000
__Ltext                                        text         00000
__S0                                           (abs)        01000
__S1                                           (abs)        0012F
__S3                                           (abs)        0F066
___aldiv                                       text53       0028D
___aldiv@counter                               cstackBANK0  00028
___aldiv@dividend                              cstackBANK0  00024
___aldiv@divisor                               cstackBANK0  00020
___aldiv@quotient                              cstackBANK0  0002A
___aldiv@sign                                  cstackBANK0  00029
___atdiv                                       text55       0031D
___atdiv@counter                               cstackBANK0  00026
___atdiv@dividend                              cstackBANK0  00023
___atdiv@divisor                               cstackBANK0  00020
___atdiv@quotient                              cstackBANK0  00028
___atdiv@sign                                  cstackBANK0  00027
___eecpymem                                    text44       00690
___eecpymem@cp                                 cstackCOMMON 00074
___eecpymem@from                               cstackCOMMON 00070
___eecpymem@size                               cstackCOMMON 00071
___eecpymem@to                                 cstackCOMMON 00075
___eetoi                                       text43       00ECE
___eetoi@addr                                  cstackCOMMON 00078
___eetoi@data                                  cstackCOMMON 00079
___heap_hi                                     (abs)        00000
___heap_lo                                     (abs)        00000
___int_sp                                      stack        00000
___int_stack_hi                                stack        00000
___int_stack_lo                                stack        00000
___latbits                                     (abs)        00001
___lmul                                        text52       0065D
___lmul@multiplicand                           cstackCOMMON 00074
___lmul@multiplier                             cstackCOMMON 00070
___lmul@product                                cstackCOMMON 00078
___lwdiv                                       text42       005EC
___lwdiv@counter                               cstackCOMMON 00077
___lwdiv@dividend                              cstackCOMMON 00072
___lwdiv@divisor                               cstackCOMMON 00070
___lwdiv@quotient                              cstackCOMMON 00075
___sp                                          stack        00000
___stack_hi                                    stack        00000
___stack_lo                                    stack        00000
___stackhi                                     (abs)        00000
___stacklo                                     (abs)        00000
___tmul                                        text54       00714
___tmul@multiplicand                           cstackCOMMON 00073
___tmul@multiplier                             cstackCOMMON 00070
___tmul@product                                cstackCOMMON 00076
___wmul                                        text47       0078A
___wmul@multiplicand                           cstackBANK0  00022
___wmul@multiplier                             cstackBANK0  00020
___wmul@product                                cstackBANK0  00024
__end_of_ADC_GetConversion                     text45       00FE2
__end_of_ADC_Initialize                        text23       00EAF
__end_of_CMP1_GetOutputStatus                  text28       00E4B
__end_of_CMP1_Initialize                       text22       00E64
__end_of_Comando_PIeD                          text49       00F85
__end_of_Controlador                           text50       001E8
__end_of_DAC_Initialize                        text21       00E6A
__end_of_DRMotordePassos                       text31       0065D
__end_of_Dados_recebidos                       text25       00765
__end_of_EPWM1_Initialize                      text20       00ECE
__end_of_EPWM1_LoadDutyValue                   text56       00FC7
__end_of_EUSART_Initialize                     text16       0078A
__end_of_EUSART_Read                           text27       00F28
__end_of_EUSART_SetErrorHandler                text19       00E70
__end_of_EUSART_SetFramingErrorHandler         text18       00E76
__end_of_EUSART_SetOverrunErrorHandler         text17       00E7C
__end_of_EUSART_Write                          text62       00EC1
__end_of_EUSART_is_rx_ready                    text24       00E58
__end_of_EnviaTx                               text61       005B0
__end_of_FVR_Initialize                        text15       00E4F
__end_of_INTERRUPT_InterruptManager            intentry     00042
__end_of_OSCILLATOR_Initialize                 text14       00EA7
__end_of_PIN_MANAGER_Initialize                text13       00FB0
__end_of_ProcessaDados                         text35       0055D
__end_of_SYSTEM_Initialize                     text2        006E9
__end_of_TMR0_DefaultInterruptHandler          text58       00E46
__end_of_TMR0_ISR                              text57       00F4B
__end_of_TMR0_Initialize                       text11       00F9A
__end_of_TMR0_SetInterruptHandler              text12       00E82
__end_of_TMR1_DefaultGateInterruptHandler      text39       00E47
__end_of_TMR1_GATE_ISR                         text38       00EEB
__end_of_TMR1_Initialize                       text9        007E7
__end_of_TMR1_ReadTimer                        text48       00800
__end_of_TMR1_SetGateInterruptHandler          text10       00E88
__end_of_TMR1_WriteTimer                       text60       00F39
__end_of_TMR2_Initialize                       text8        00EB7
__end_of_TMR4_DefaultInterruptHandler          text36       00003
__end_of_TMR4_ISR                              text34       00EFA
__end_of_TMR4_Initialize                       text6        00F5E
__end_of_TMR4_SetInterruptHandler              text7        00E8E
__end_of_TMR4_WriteTimer                       text26       00E5E
__end_of_TMR6_DefaultInterruptHandler          text32       00004
__end_of_TMR6_ISR                              text30       00F09
__end_of_TMR6_Initialize                       text4        00F71
__end_of_TMR6_SetInterruptHandler              text5        00E94
__end_of_WDT_Initialize                        text3        00E53
__end_of___aldiv                               text53       0031D
__end_of___atdiv                               text55       00396
__end_of___eecpymem                            text44       006BE
__end_of___eetoi                               text43       00EDC
__end_of___lmul                                text52       00690
__end_of___lwdiv                               text42       00628
__end_of___tmul                                text54       0073E
__end_of___wmul                                text47       007AA
__end_of__initialization                       cinit        00069
__end_of_inicia_ultrasom                       text59       00714
__end_of_main                                  maintext     00504
__end_of_map_value                             text51       003F3
__end_of_media                                 text46       01000
__end_of_muda_passos                           text1        0044F
__end_of_posicao_bola_tubo                     text40       005EC
__end_of_selecao_do_modo                       text37       0028D
__end_of_velocidade_som                        text41       007C9
__end_ofi1_muda_passos                         text33       004AB
__initialization                               cinit        00044
__pbssBANK0                                    bssBANK0     00059
__pbssBANK1                                    bssBANK1     000A0
__pbssBANK2                                    bssBANK2     00120
__pbssCOMMON                                   bssCOMMON    0007D
__pcstackBANK0                                 cstackBANK0  00020
__pcstackBANK1                                 cstackBANK1  000E6
__pcstackCOMMON                                cstackCOMMON 00070
__pdataBANK1                                   dataBANK1    000C9
__pdataEEDATA                                  dataEEDATA   00000
__pidataBANK1                                  idataBANK1   00F09
__pidataEEDATA                                 idataEEDATA  00000
__pintentry                                    intentry     00004
__pmaintext                                    maintext     004AB
__pnvBANK1                                     nvBANK1      000D8
__ptext1                                       text1        003F3
__ptext10                                      text10       00E82
__ptext11                                      text11       00F85
__ptext12                                      text12       00E7C
__ptext13                                      text13       00F9A
__ptext14                                      text14       00EA0
__ptext15                                      text15       00E4B
__ptext16                                      text16       00765
__ptext17                                      text17       00E76
__ptext18                                      text18       00E70
__ptext19                                      text19       00E6A
__ptext2                                       text2        006BE
__ptext20                                      text20       00EC1
__ptext21                                      text21       00E64
__ptext22                                      text22       00E5E
__ptext23                                      text23       00EA7
__ptext24                                      text24       00E53
__ptext25                                      text25       0073E
__ptext26                                      text26       00E58
__ptext27                                      text27       00F18
__ptext28                                      text28       00E47
__ptext3                                       text3        00E4F
__ptext30                                      text30       00EFA
__ptext31                                      text31       00628
__ptext32                                      text32       00003
__ptext33                                      text33       0044F
__ptext34                                      text34       00EEB
__ptext35                                      text35       00504
__ptext36                                      text36       00002
__ptext37                                      text37       001E8
__ptext38                                      text38       00EDC
__ptext39                                      text39       00E46
__ptext4                                       text4        00F5E
__ptext40                                      text40       005B0
__ptext41                                      text41       007AA
__ptext42                                      text42       005EC
__ptext43                                      text43       00ECE
__ptext44                                      text44       00690
__ptext45                                      text45       00FC7
__ptext46                                      text46       00FE2
__ptext47                                      text47       0078A
__ptext48                                      text48       007E7
__ptext49                                      text49       00F71
__ptext5                                       text5        00E8E
__ptext50                                      text50       0006D
__ptext51                                      text51       00396
__ptext52                                      text52       0065D
__ptext53                                      text53       0028D
__ptext54                                      text54       00714
__ptext55                                      text55       0031D
__ptext56                                      text56       00FB0
__ptext57                                      text57       00F39
__ptext58                                      text58       00E45
__ptext59                                      text59       006E9
__ptext6                                       text6        00F4B
__ptext60                                      text60       00F28
__ptext61                                      text61       0055D
__ptext62                                      text62       00EB7
__ptext7                                       text7        00E88
__ptext8                                       text8        00EAF
__ptext9                                       text9        007C9
_altura_bola                                   bssBANK1     000A9
_ciclo_util_futuro                             bssBANK0     0005F
_countRx                                       bssBANK1     000C3
_dado_atual                                    bssBANK1     000C5
_derivativo                                    bssBANK1     000AC
_erro_anterior                                 bssBANK1     000B5
_erro_atual                                    bssBANK0     0005C
_eusartRxLastError                             bssBANK1     000C8
_flag_passos                                   bssBANK1     000C4
_inicia_ultrasom                               text59       006E9
_inicia_ultrasom$1282                          cstackCOMMON 00072
_integrativo                                   bssBANK1     000B2
_kd_ventoinha                                  dataBANK1    000D2
_ki_ventoinha                                  dataBANK1    000D5
_kp_ventoinha                                  dataBANK1    000CF
_main                                          maintext     004AB
_map_value                                     text51       00396
_media                                         text46       00FE2
_modo                                          bssCOMMON    0007D
_muda_passos                                   text1        003F3
_muda_passos$1295                              cstackBANK1  000E8
_muda_passos$1296                              cstackBANK1  000EA
_npassos                                       bssBANK1     000C6
_posicao_bola_tubo                             text40       005B0
_posicao_bola_tubo$2066                        cstackBANK0  00057
_posicao_val_atual                             bssBANK1     000BB
_posicao_val_futura                            bssBANK0     00061
_proporcional                                  bssBANK1     000AF
_relacao_som_temperatura                       idataEEDATA  00000
_selecao_do_modo                               text37       001E8
_set_modo                                      bssBANK0     0006F
_soma_PID                                      bssBANK0     00059
_temperatura                                   bssBANK0     00063
_tempo_medio                                   bssBANK0     00065
_timer0ReloadVal                               bssBANK1     000C7
_timer1ReloadVal                               bssBANK1     000BF
_velocidade_som                                text41       007AA
btemp                                          (abs)        0007E
clear_ram0                                     clrtext      00E94
end_of_initialization                          cinit        00069
i1_muda_passos                                 text33       0044F
i1_muda_passos$1295                            cstackCOMMON 00072
i1_muda_passos$1296                            cstackCOMMON 00074
inicia_ultrasom@j                              bssBANK0     0006E
init_ram                                       inittext     00E9A
int$flags                                      (abs)        0007E
intlevel0                                      functab      00000
intlevel1                                      functab      00000
intlevel2                                      functab      00000
intlevel3                                      functab      00000
intlevel4                                      functab      00000
intlevel5                                      functab      00000
map_value@in_max                               cstackBANK0  00036
map_value@in_min                               cstackBANK0  00032
map_value@out_max                              cstackBANK0  0003E
map_value@out_min                              cstackBANK0  0003A
map_value@x                                    cstackBANK0  0002E
media@indice                                   bssBANK0     0006D
media@tempo_recebido                           bssBANK1     000A5
media@timer                                    cstackCOMMON 0007B
reset_vec                                      reset_vec    00000
start                                          init         00042
start_initialization                           cinit        00044
wtemp0                                         (abs)        0007E


MODULE INFORMATION

Module		Function		Class		Link	Load	Size
mcc_generated_files/cmp1.c
		_CMP1_Initialize		CODE           	0E5E	0000	6
		_CMP1_GetOutputStatus		CODE           	0E47	0000	4

mcc_generated_files/cmp1.c estimated size: 10

mcc_generated_files/tmr6.c
		_TMR6_ISR      		CODE           	0EFA	0000	15
		_TMR6_Initialize		CODE           	0F5E	0000	19
		_TMR6_SetInterruptHandler		CODE           	0E8E	0000	6
		_TMR6_DefaultInterruptHandler		CODE           	0003	0000	1

mcc_generated_files/tmr6.c estimated size: 41

mcc_generated_files/fvr.c
		_FVR_Initialize		CODE           	0E4B	0000	4

mcc_generated_files/fvr.c estimated size: 4

funcoes.c
		_Controlador   		CODE           	006D	0000	379
		_muda_passos   		CODE           	03F3	0000	92
		_selecao_do_modo		CODE           	01E8	0000	165
		_Dados_recebidos		CODE           	073E	0000	39
		_map_value     		CODE           	0396	0000	93
		_EnviaTx       		CODE           	055D	0000	83
		_media         		CODE           	0FE2	0000	30
		_DRMotordePassos		CODE           	0628	0000	53
		_posicao_bola_tubo		CODE           	05B0	0000	60
		_ProcessaDados 		CODE           	0504	0000	89
		_velocidade_som		CODE           	07AA	0000	31
		_Comando_PIeD  		CODE           	0F71	0000	20
		_inicia_ultrasom		CODE           	06E9	0000	43

funcoes.c estimated size: 1177

mcc_generated_files/tmr4.c
		_TMR4_ISR      		CODE           	0EEB	0000	15
		_TMR4_Initialize		CODE           	0F4B	0000	19
		_TMR4_SetInterruptHandler		CODE           	0E88	0000	6
		_TMR4_DefaultInterruptHandler		CODE           	0002	0000	1
		_TMR4_WriteTimer		CODE           	0E58	0000	6

mcc_generated_files/tmr4.c estimated size: 47

C:\Program Files\Microchip\xc8\v2.46\pic\sources\c99\common\lwdiv.c
		___lwdiv       		CODE           	05EC	0000	60

C:\Program Files\Microchip\xc8\v2.46\pic\sources\c99\common\lwdiv.c estimated size: 60

C:\Program Files\Microchip\xc8\v2.46\pic\sources\c99\pic\__eeprom.c
		___eetoi       		CODE           	0ECE	0000	14
		___eecpymem    		CODE           	0690	0000	46

C:\Program Files\Microchip\xc8\v2.46\pic\sources\c99\pic\__eeprom.c estimated size: 60

mcc_generated_files/tmr2.c
		_TMR2_Initialize		CODE           	0EAF	0000	8

mcc_generated_files/tmr2.c estimated size: 8

mcc_generated_files/interrupt_manager.c
		_INTERRUPT_InterruptManager		CODE           	0004	0000	62

mcc_generated_files/interrupt_manager.c estimated size: 62

mcc_generated_files/tmr0.c
		_TMR0_SetInterruptHandler		CODE           	0E7C	0000	6
		_TMR0_DefaultInterruptHandler		CODE           	0E45	0000	1
		_TMR0_ISR      		CODE           	0F39	0000	18
		_TMR0_Initialize		CODE           	0F85	0000	21

mcc_generated_files/tmr0.c estimated size: 46

C:\Program Files\Microchip\xc8\v2.46\pic\sources\c99\common\aldiv.c
		___aldiv       		CODE           	028D	0000	144

C:\Program Files\Microchip\xc8\v2.46\pic\sources\c99\common\aldiv.c estimated size: 144

C:\Program Files\Microchip\xc8\v2.46\pic\sources\c99\common\Umul24.c
		___tmul        		CODE           	0714	0000	42

C:\Program Files\Microchip\xc8\v2.46\pic\sources\c99\common\Umul24.c estimated size: 42

mcc_generated_files/pin_manager.c
		_PIN_MANAGER_Initialize		CODE           	0F9A	0000	22

mcc_generated_files/pin_manager.c estimated size: 22

C:\Program Files\Microchip\xc8\v2.46\pic\sources\c99\common\atdiv.c
		___atdiv       		CODE           	031D	0000	121

C:\Program Files\Microchip\xc8\v2.46\pic\sources\c99\common\atdiv.c estimated size: 121

mcc_generated_files/adc.c
		_ADC_Initialize		CODE           	0EA7	0000	8
		_ADC_GetConversion		CODE           	0FC7	0000	27

mcc_generated_files/adc.c estimated size: 35

shared
		__initialization		CODE           	0044	0000	37
		i1_muda_passos 		CODE           	044F	0000	92

shared estimated size: 129

C:\Program Files\Microchip\xc8\v2.46\pic\sources\c99\common\Umul16.c
		___wmul        		CODE           	078A	0000	32

C:\Program Files\Microchip\xc8\v2.46\pic\sources\c99\common\Umul16.c estimated size: 32

mcc_generated_files/mcc.c
		_WDT_Initialize		CODE           	0E4F	0000	4
		_OSCILLATOR_Initialize		CODE           	0EA0	0000	7
		_SYSTEM_Initialize		CODE           	06BE	0000	43

mcc_generated_files/mcc.c estimated size: 54

mcc_generated_files/tmr1.c
		_TMR1_Initialize		CODE           	07C9	0000	30
		_TMR1_WriteTimer		CODE           	0F28	0000	17
		_TMR1_ReadTimer		CODE           	07E7	0000	25
		_TMR1_SetGateInterruptHandler		CODE           	0E82	0000	6
		_TMR1_GATE_ISR 		CODE           	0EDC	0000	15
		_TMR1_DefaultGateInterruptHandler		CODE           	0E46	0000	1

mcc_generated_files/tmr1.c estimated size: 94

mcc_generated_files/epwm1.c
		_EPWM1_LoadDutyValue		CODE           	0FB0	0000	23
		_EPWM1_Initialize		CODE           	0EC1	0000	13

mcc_generated_files/epwm1.c estimated size: 36

mcc_generated_files/eusart.c
		_EUSART_Read   		CODE           	0F18	0000	16
		_EUSART_Write  		CODE           	0EB7	0000	10
		_EUSART_Initialize		CODE           	0765	0000	37
		_EUSART_SetFramingErrorHandler		CODE           	0E70	0000	6
		_EUSART_SetErrorHandler		CODE           	0E6A	0000	6
		_EUSART_SetOverrunErrorHandler		CODE           	0E76	0000	6
		_EUSART_is_rx_ready		CODE           	0E53	0000	5

mcc_generated_files/eusart.c estimated size: 86

mcc_generated_files/dac.c
		_DAC_Initialize		CODE           	0E64	0000	6

mcc_generated_files/dac.c estimated size: 6

main.c
		_main          		CODE           	04AB	0000	89

main.c estimated size: 89

C:\Program Files\Microchip\xc8\v2.46\pic\sources\c99\common\Umul32.c
		___lmul        		CODE           	065D	0000	51

C:\Program Files\Microchip\xc8\v2.46\pic\sources\c99\common\Umul32.c estimated size: 51

