Microchip MPLAB XC8 Compiler V2.50

Linker command line:

-W-3 \
  --edf=C:\Program Files\Microchip\xc8\v2.50\pic\dat\20240725155939_en.msgs \
  -cn -h+dist/default/production\190014300TP51.X.production.sym \
  --cmf=dist/default/production\190014300TP51.X.production.cmf -z -Q16F1827 \
  -oC:\Users\Alunos\AppData\Local\Temp\xcDsap4.3\driver_tmp_3.o \
  --defsym=__MPLAB_BUILD=1 --fixupoverflow=error \
  -Mdist/default/production/190014300TP51.X.production.map \
  --md=C:\Users\Alunos\AppData\Local\Temp\xcDsap4.3\driver_tmp_0.dat -E1 \
  -ver=XC8 Compiler --acfsm=1493 -ACODE=00h-07FFhx2 -ASTRCODE=00h-0FFFh \
  -ASTRING=00h-0FFhx16 -ACONST=00h-0FFhx16 -AENTRY=00h-0FFhx16 \
  -ACOMMON=070h-07Fh -ABANK0=020h-06Fh -ABANK1=0A0h-0EFh \
  -ABANK2=0120h-016Fh -ABANK3=01A0h-01EFh -ABANK4=0220h-024Fh \
  -ABIGRAM=02000h-0216Fh \
  -ARAM=020h-06Fh,0A0h-0EFh,0120h-016Fh,01A0h-01EFh,0220h-024Fh \
  -AABS1=020h-07Fh,0A0h-0EFh,0120h-016Fh,01A0h-01EFh,0220h-024Fh \
  -ASFR0=00h-01Fh -ASFR1=080h-09Fh -ASFR2=0100h-011Fh -ASFR3=0180h-019Fh \
  -ASFR4=0200h-021Fh -ASFR5=0280h-02EFh -ASFR6=0300h-036Fh \
  -ASFR7=0380h-03EFh -ASFR8=0400h-046Fh -ASFR9=0480h-04EFh \
  -ASFR10=0500h-056Fh -ASFR11=0580h-05EFh -ASFR12=0600h-066Fh \
  -ASFR13=0680h-06EFh -ASFR14=0700h-076Fh -ASFR15=0780h-07EFh \
  -ASFR16=0800h-086Fh -ASFR17=0880h-08EFh -ASFR18=0900h-096Fh \
  -ASFR19=0980h-09EFh -ASFR20=0A00h-0A6Fh -ASFR21=0A80h-0AEFh \
  -ASFR22=0B00h-0B6Fh -ASFR23=0B80h-0BEFh -ASFR24=0C00h-0C6Fh \
  -ASFR25=0C80h-0CEFh -ASFR26=0D00h-0D6Fh -ASFR27=0D80h-0DEFh \
  -ASFR28=0E00h-0E6Fh -ASFR29=0E80h-0EEFh -ASFR30=0F00h-0F6Fh \
  -ASFR31=0F80h-0FEFh -ACONFIG=08007h-08008h -DCONFIG=2 \
  -AIDLOC=08000h-08003h -DIDLOC=2 -AEEDATA=00h-0FFh/0F000h \
  -peeprom_data=EEDATA -DEEDATA=2 -DCODE=2 -DSTRCODE=2 -DSTRING=2 -DCONST=2 \
  -DENTRY=2 -preset_vec=00h,intentry,sivt,init,end_init -ppowerup=CODE \
  -pcinit=CODE -pfunctab=ENTRY -k \
  C:\Users\Alunos\AppData\Local\Temp\xcDsap4.3\driver_tmp_15.o \
  dist/default/production\190014300TP51.X.production.o 

Object code version is 3.11

Machine type is 16F1827



                Name                               Link     Load   Length Selector   Space Scale
C:\Users\Alunos\AppData\Local\Temp\xcDsap4.3\driver_tmp_15.o
                end_init                              2        2        2        0       0
                reset_vec                             0        0        2        0       0
                config                             8007     8007        2        0       4
dist/default/production\190014300TP51.X.production.o
                cinit                               7FD      7FD        3      FFA       0
                config                             8007     8007        2        0       4
                text6                               7C4      7C4        6      F88       0
                text5                               7BC      7BC        4      F78       0
                text4                               7D0      7D0        7      FA0       0
                text3                               7E7      7E7       16      FCE       0
                text2                               7C0      7C0        4      F80       0
                text1                               7D7      7D7       10      FAE       0
                maintext                            7CA      7CA        6      F94       0

TOTAL           Name                               Link     Load   Length     Space
        CLASS   CODE           
                end_init                              2        2        2         0
                cinit                               7FD      7FD        3         0
                reset_vec                             0        0        2         0
                text6                               7C4      7C4        6         0
                text5                               7BC      7BC        4         0
                text4                               7D0      7D0        7         0
                text3                               7E7      7E7       16         0
                text2                               7C0      7C0        4         0
                text1                               7D7      7D7       10         0
                maintext                            7CA      7CA        6         0

        CLASS   STRCODE        

        CLASS   STRING         

        CLASS   CONST          

        CLASS   ENTRY          

        CLASS   COMMON         

        CLASS   BANK0          

        CLASS   BANK1          

        CLASS   BANK2          

        CLASS   BANK3          

        CLASS   BANK4          

        CLASS   BIGRAM         

        CLASS   RAM            

        CLASS   ABS1           
                abs_s1                               7E       7E        2         1

        CLASS   SFR0           

        CLASS   SFR1           

        CLASS   SFR2           

        CLASS   SFR3           

        CLASS   SFR4           

        CLASS   SFR5           

        CLASS   SFR6           

        CLASS   SFR7           

        CLASS   SFR8           

        CLASS   SFR9           

        CLASS   SFR10          

        CLASS   SFR11          

        CLASS   SFR12          

        CLASS   SFR13          

        CLASS   SFR14          

        CLASS   SFR15          

        CLASS   SFR16          

        CLASS   SFR17          

        CLASS   SFR18          

        CLASS   SFR19          

        CLASS   SFR20          

        CLASS   SFR21          

        CLASS   SFR22          

        CLASS   SFR23          

        CLASS   SFR24          

        CLASS   SFR25          

        CLASS   SFR26          

        CLASS   SFR27          

        CLASS   SFR28          

        CLASS   SFR29          

        CLASS   SFR30          

        CLASS   SFR31          

        CLASS   CONFIG         
                config                             8007     8007        2         4

        CLASS   IDLOC          

        CLASS   EEDATA         

        CLASS   BANK31         

        CLASS   BANK30         

        CLASS   BANK29         

        CLASS   BANK28         

        CLASS   BANK27         

        CLASS   BANK26         

        CLASS   BANK25         

        CLASS   BANK24         

        CLASS   BANK23         

        CLASS   BANK22         

        CLASS   BANK21         

        CLASS   BANK20         

        CLASS   BANK19         

        CLASS   BANK18         

        CLASS   BANK17         

        CLASS   BANK16         

        CLASS   BANK15         

        CLASS   BANK14         

        CLASS   BANK13         

        CLASS   BANK12         

        CLASS   BANK11         

        CLASS   BANK10         

        CLASS   BANK9          

        CLASS   BANK8          

        CLASS   BANK7          

        CLASS   BANK6          

        CLASS   BANK5          

        CLASS   HEAP           

        CLASS   STACK          



SEGMENTS        Name                           Load    Length   Top    Selector   Space  Class     Delta

                reset_vec                      000000  000004  000004         0       0  CODE        2
                text5                          0007BC  000004  0007C0       F78       0  CODE        2
                text2                          0007C0  000004  0007C4       F80       0  CODE        2
                text6                          0007C4  000006  0007CA       F88       0  CODE        2
                maintext                       0007CA  000006  0007D0       F94       0  CODE        2
                text4                          0007D0  000007  0007D7       FA0       0  CODE        2
                text1                          0007D7  000010  0007E7       FAE       0  CODE        2
                text3                          0007E7  000016  0007FD       FCE       0  CODE        2
                cinit                          0007FD  000003  000800       FFA       0  CODE        2


UNUSED ADDRESS RANGES

        Name                Unused          Largest block    Delta
        BANK0            00020-0006F              50           1
        BANK1            000A0-000EF              50           1
        BANK2            00120-0016F              50           1
        BANK3            001A0-001EF              50           1
        BANK4            00220-0024F              30           1
        BIGRAM           02000-0216F             170           1
        CODE             00004-007BB             7B8           2
                         00800-00FFF             800
        COMMON           00070-0007D               E           1
        CONST            00004-007BB             100           2
                         00800-00FFF             100
        EEDATA           0F000-0F0FF             100           2
        ENTRY            00004-007BB             100           2
                         00800-00FFF             100
        IDLOC            08000-08003               4           2
        RAM              00020-0006F              50           1
                         000A0-000EF              50
                         00120-0016F              50
                         001A0-001EF              50
                         00220-0024F              30
        SFR0             00000-0001F              20           1
        SFR1             00080-0009F              20           1
        SFR10            00500-0056F              70           1
        SFR11            00580-005EF              70           1
        SFR12            00600-0066F              70           1
        SFR13            00680-006EF              70           1
        SFR14            00700-0076F              70           1
        SFR15            00780-007EF              70           1
        SFR16            00800-0086F              70           1
        SFR17            00880-008EF              70           1
        SFR18            00900-0096F              70           1
        SFR19            00980-009EF              70           1
        SFR2             00100-0011F              20           1
        SFR20            00A00-00A6F              70           1
        SFR21            00A80-00AEF              70           1
        SFR22            00B00-00B6F              70           1
        SFR23            00B80-00BEF              70           1
        SFR24            00C00-00C6F              70           1
        SFR25            00C80-00CEF              70           1
        SFR26            00D00-00D6F              70           1
        SFR27            00D80-00DEF              70           1
        SFR28            00E00-00E6F              70           1
        SFR29            00E80-00EEF              70           1
        SFR3             00180-0019F              20           1
        SFR30            00F00-00F6F              70           1
        SFR31            00F80-00FEF              70           1
        SFR4             00200-0021F              20           1
        SFR5             00280-002EF              70           1
        SFR6             00300-0036F              70           1
        SFR7             00380-003EF              70           1
        SFR8             00400-0046F              70           1
        SFR9             00480-004EF              70           1
        STRCODE          00004-007BB             7B8           2
                         00800-00FFF             800
        STRING           00004-007BB             100           2
                         00800-00FFF             100

                                  Symbol Table

_ANSELA                         (abs)        0018C
_ANSELB                         (abs)        0018D
_APFCON0                        (abs)        0011D
_APFCON1                        (abs)        0011E
_BORCON                         (abs)        00116
_CM1CON0                        (abs)        00111
_CM1CON1                        (abs)        00112
_CMOUTbits                      (abs)        00115
_CMP1_Initialize                text6        007C4
_FVRCON                         (abs)        00117
_FVRCONbits                     (abs)        00117
_FVR_Initialize                 text5        007BC
_LATA                           (abs)        0010C
_LATB                           (abs)        0010D
_OPTION_REGbits                 (abs)        00095
_OSCCON                         (abs)        00099
_OSCILLATOR_Initialize          text4        007D0
_OSCTUNE                        (abs)        00098
_PIN_MANAGER_Initialize         text3        007E7
_SYSTEM_Initialize              text1        007D7
_TRISA                          (abs)        0008C
_TRISB                          (abs)        0008D
_WDTCON                         (abs)        00097
_WDT_Initialize                 text2        007C0
_WPUA                           (abs)        0020C
_WPUB                           (abs)        0020D
__H__absolute__                 __absolute__ 00000
__Habs1                         abs1         00000
__Hbank0                        bank0        00000
__Hbank1                        bank1        00000
__Hbank10                       bank10       00000
__Hbank11                       bank11       00000
__Hbank12                       bank12       00000
__Hbank13                       bank13       00000
__Hbank14                       bank14       00000
__Hbank15                       bank15       00000
__Hbank16                       bank16       00000
__Hbank17                       bank17       00000
__Hbank18                       bank18       00000
__Hbank19                       bank19       00000
__Hbank2                        bank2        00000
__Hbank20                       bank20       00000
__Hbank21                       bank21       00000
__Hbank22                       bank22       00000
__Hbank23                       bank23       00000
__Hbank24                       bank24       00000
__Hbank25                       bank25       00000
__Hbank26                       bank26       00000
__Hbank27                       bank27       00000
__Hbank28                       bank28       00000
__Hbank29                       bank29       00000
__Hbank3                        bank3        00000
__Hbank30                       bank30       00000
__Hbank31                       bank31       00000
__Hbank4                        bank4        00000
__Hbank5                        bank5        00000
__Hbank6                        bank6        00000
__Hbank7                        bank7        00000
__Hbank8                        bank8        00000
__Hbank9                        bank9        00000
__Hbigram                       bigram       00000
__Hcinit                        cinit        00800
__Hclrtext                      clrtext      00000
__Hcode                         code         00000
__Hcommon                       common       00000
__Hconfig                       config       08009
__HcstackCOMMON                 cstackCOMMON 00000
__Heeprom_data                  eeprom_data  00000
__Hend_init                     end_init     00004
__Hfunctab                      functab      00000
__Hheap                         heap         00000
__Hinit                         init         00002
__Hintentry                     intentry     00002
__Hmaintext                     maintext     00000
__Hpowerup                      powerup      00000
__Hram                          ram          00000
__Hreset_vec                    reset_vec    00002
__Hsfr0                         sfr0         00000
__Hsfr1                         sfr1         00000
__Hsfr10                        sfr10        00000
__Hsfr11                        sfr11        00000
__Hsfr12                        sfr12        00000
__Hsfr13                        sfr13        00000
__Hsfr14                        sfr14        00000
__Hsfr15                        sfr15        00000
__Hsfr16                        sfr16        00000
__Hsfr17                        sfr17        00000
__Hsfr18                        sfr18        00000
__Hsfr19                        sfr19        00000
__Hsfr2                         sfr2         00000
__Hsfr20                        sfr20        00000
__Hsfr21                        sfr21        00000
__Hsfr22                        sfr22        00000
__Hsfr23                        sfr23        00000
__Hsfr24                        sfr24        00000
__Hsfr25                        sfr25        00000
__Hsfr26                        sfr26        00000
__Hsfr27                        sfr27        00000
__Hsfr28                        sfr28        00000
__Hsfr29                        sfr29        00000
__Hsfr3                         sfr3         00000
__Hsfr30                        sfr30        00000
__Hsfr31                        sfr31        00000
__Hsfr4                         sfr4         00000
__Hsfr5                         sfr5         00000
__Hsfr6                         sfr6         00000
__Hsfr7                         sfr7         00000
__Hsfr8                         sfr8         00000
__Hsfr9                         sfr9         00000
__Hsivt                         sivt         00002
__Hspace_0                      (abs)        00800
__Hspace_1                      (abs)        00000
__Hspace_2                      (abs)        00000
__Hspace_3                      (abs)        00000
__Hspace_4                      (abs)        10010
__Hstack                        stack        00000
__Hstrings                      strings      00000
__Htext                         text         00000
__L__absolute__                 __absolute__ 00000
__Labs1                         abs1         00000
__Lbank0                        bank0        00000
__Lbank1                        bank1        00000
__Lbank10                       bank10       00000
__Lbank11                       bank11       00000
__Lbank12                       bank12       00000
__Lbank13                       bank13       00000
__Lbank14                       bank14       00000
__Lbank15                       bank15       00000
__Lbank16                       bank16       00000
__Lbank17                       bank17       00000
__Lbank18                       bank18       00000
__Lbank19                       bank19       00000
__Lbank2                        bank2        00000
__Lbank20                       bank20       00000
__Lbank21                       bank21       00000
__Lbank22                       bank22       00000
__Lbank23                       bank23       00000
__Lbank24                       bank24       00000
__Lbank25                       bank25       00000
__Lbank26                       bank26       00000
__Lbank27                       bank27       00000
__Lbank28                       bank28       00000
__Lbank29                       bank29       00000
__Lbank3                        bank3        00000
__Lbank30                       bank30       00000
__Lbank31                       bank31       00000
__Lbank4                        bank4        00000
__Lbank5                        bank5        00000
__Lbank6                        bank6        00000
__Lbank7                        bank7        00000
__Lbank8                        bank8        00000
__Lbank9                        bank9        00000
__Lbigram                       bigram       00000
__Lcinit                        cinit        007FD
__Lclrtext                      clrtext      00000
__Lcode                         code         00000
__Lcommon                       common       00000
__Lconfig                       config       00000
__LcstackCOMMON                 cstackCOMMON 00000
__Leeprom_data                  eeprom_data  00000
__Lend_init                     end_init     00002
__Lfunctab                      functab      00000
__Lheap                         heap         00000
__Linit                         init         00002
__Lintentry                     intentry     00002
__Lmaintext                     maintext     00000
__Lpowerup                      powerup      00000
__Lram                          ram          00000
__Lreset_vec                    reset_vec    00000
__Lsfr0                         sfr0         00000
__Lsfr1                         sfr1         00000
__Lsfr10                        sfr10        00000
__Lsfr11                        sfr11        00000
__Lsfr12                        sfr12        00000
__Lsfr13                        sfr13        00000
__Lsfr14                        sfr14        00000
__Lsfr15                        sfr15        00000
__Lsfr16                        sfr16        00000
__Lsfr17                        sfr17        00000
__Lsfr18                        sfr18        00000
__Lsfr19                        sfr19        00000
__Lsfr2                         sfr2         00000
__Lsfr20                        sfr20        00000
__Lsfr21                        sfr21        00000
__Lsfr22                        sfr22        00000
__Lsfr23                        sfr23        00000
__Lsfr24                        sfr24        00000
__Lsfr25                        sfr25        00000
__Lsfr26                        sfr26        00000
__Lsfr27                        sfr27        00000
__Lsfr28                        sfr28        00000
__Lsfr29                        sfr29        00000
__Lsfr3                         sfr3         00000
__Lsfr30                        sfr30        00000
__Lsfr31                        sfr31        00000
__Lsfr4                         sfr4         00000
__Lsfr5                         sfr5         00000
__Lsfr6                         sfr6         00000
__Lsfr7                         sfr7         00000
__Lsfr8                         sfr8         00000
__Lsfr9                         sfr9         00000
__Lsivt                         sivt         00002
__Lspace_0                      (abs)        00000
__Lspace_1                      (abs)        00000
__Lspace_2                      (abs)        00000
__Lspace_3                      (abs)        00000
__Lspace_4                      (abs)        00000
__Lstack                        stack        00000
__Lstrings                      strings      00000
__Ltext                         text         00000
__S0                            (abs)        00800
__S1                            (abs)        00000
__S3                            (abs)        00000
___heap_hi                      (abs)        00000
___heap_lo                      (abs)        00000
___int_sp                       stack        00000
___int_stack_hi                 stack        00000
___int_stack_lo                 stack        00000
___latbits                      (abs)        00001
___sp                           stack        00000
___stack_hi                     stack        00000
___stack_lo                     stack        00000
___stackhi                      (abs)        00000
___stacklo                      (abs)        00000
__end_of_CMP1_Initialize        text6        007CA
__end_of_FVR_Initialize         text5        007C0
__end_of_OSCILLATOR_Initialize  text4        007D7
__end_of_PIN_MANAGER_Initialize text3        007FD
__end_of_SYSTEM_Initialize      text1        007E7
__end_of_WDT_Initialize         text2        007C4
__end_of__initialization        cinit        007FD
__end_of_main                   maintext     007D0
__initialization                cinit        007FD
__pcstackCOMMON                 cstackCOMMON 00000
__pmaintext                     maintext     007CA
__ptext1                        text1        007D7
__ptext2                        text2        007C0
__ptext3                        text3        007E7
__ptext4                        text4        007D0
__ptext5                        text5        007BC
__ptext6                        text6        007C4
_main                           maintext     007CA
btemp                           (abs)        0007E
end_of_initialization           cinit        007FD
intlevel0                       functab      00000
intlevel1                       functab      00000
intlevel2                       functab      00000
intlevel3                       functab      00000
intlevel4                       functab      00000
intlevel5                       functab      00000
reset_vec                       reset_vec    00000
start                           init         00002
start_initialization            cinit        007FD
wtemp0                          (abs)        0007E


MODULE INFORMATION

Module		Function		Class		Link	Load	Size
mcc_generated_files/cmp1.c
		_CMP1_Initialize		CODE           	07C4	0000	6

mcc_generated_files/cmp1.c estimated size: 6

mcc_generated_files/fvr.c
		_FVR_Initialize		CODE           	07BC	0000	4

mcc_generated_files/fvr.c estimated size: 4

mcc_generated_files/pin_manager.c
		_PIN_MANAGER_Initialize		CODE           	07E7	0000	22

mcc_generated_files/pin_manager.c estimated size: 22

shared
		__initialization		CODE           	07FD	0000	1

shared estimated size: 1

mcc_generated_files/mcc.c
		_WDT_Initialize		CODE           	07C0	0000	4
		_OSCILLATOR_Initialize		CODE           	07D0	0000	7
		_SYSTEM_Initialize		CODE           	07D7	0000	16

mcc_generated_files/mcc.c estimated size: 27

main.c
		_main          		CODE           	07CA	0000	6

main.c estimated size: 6

