Microchip MPLAB XC8 Compiler V2.46

Linker command line:

-W-3 \
  --edf=C:\Program Files\Microchip\xc8\v2.46\pic\dat\20240104201356_en.msgs \
  -cn -h+dist/default/debug\190014300TP9.X.debug.sym \
  --cmf=dist/default/debug\190014300TP9.X.debug.cmf -z -Q16F1827 \
  -oC:\Users\HERBER~1\AppData\Local\Temp\xcAs2ru8.\driver_tmp_3.o \
  --defsym=__MPLAB_BUILD=1 --fixupoverflow=error \
  -Mdist/default/debug/190014300TP9.X.debug.map \
  --md=C:\Users\HERBER~1\AppData\Local\Temp\xcAs2ru8.\driver_tmp_0.dat -E1 \
  -ver=XC8 Compiler --acfsm=1493 -ACODE=00h-07FFhx2 -ASTRCODE=00h-0FFFh \
  -ASTRING=00h-0FFhx16 -ACONST=00h-0FFhx16 -AENTRY=00h-0FFhx16 \
  -ACOMMON=070h-07Fh -ABANK0=020h-06Fh -ABANK1=0A0h-0EFh \
  -ABANK2=0120h-016Fh -ABANK3=01A0h-01EFh -ABANK4=0220h-024Fh \
  -ABIGRAM=02000h-0216Fh \
  -ARAM=020h-06Fh,0A0h-0EFh,0120h-016Fh,01A0h-01EFh,0220h-024Fh \
  -AABS1=020h-07Fh,0A0h-0EFh,0120h-016Fh,01A0h-01EFh,0220h-024Fh \
  -ASFR0=00h-01Fh -ASFR1=080h-09Fh -ASFR2=0100h-011Fh -ASFR3=0180h-019Fh \
  -ASFR4=0200h-021Fh -ASFR5=0280h-02EFh -ASFR6=0300h-036Fh \
  -ASFR7=0380h-03EFh -ASFR8=0400h-046Fh -ASFR9=0480h-04EFh \
  -ASFR10=0500h-056Fh -ASFR11=0580h-05EFh -ASFR12=0600h-066Fh \
  -ASFR13=0680h-06EFh -ASFR14=0700h-076Fh -ASFR15=0780h-07EFh \
  -ASFR16=0800h-086Fh -ASFR17=0880h-08EFh -ASFR18=0900h-096Fh \
  -ASFR19=0980h-09EFh -ASFR20=0A00h-0A6Fh -ASFR21=0A80h-0AEFh \
  -ASFR22=0B00h-0B6Fh -ASFR23=0B80h-0BEFh -ASFR24=0C00h-0C6Fh \
  -ASFR25=0C80h-0CEFh -ASFR26=0D00h-0D6Fh -ASFR27=0D80h-0DEFh \
  -ASFR28=0E00h-0E6Fh -ASFR29=0E80h-0EEFh -ASFR30=0F00h-0F6Fh \
  -ASFR31=0F80h-0FEFh -ACONFIG=08007h-08008h -DCONFIG=2 \
  -AIDLOC=08000h-08003h -DIDLOC=2 -AEEDATA=00h-0FFh/0F000h \
  -peeprom_data=EEDATA -DEEDATA=2 -DCODE=2 -DSTRCODE=2 -DSTRING=2 -DCONST=2 \
  -DENTRY=2 -preset_vec=00h,intentry,sivt,init,end_init -ppowerup=CODE \
  -pcinit=CODE -pfunctab=ENTRY -k \
  C:\Users\HERBER~1\AppData\Local\Temp\xcAs2ru8.\driver_tmp_15.o \
  dist/default/debug\190014300TP9.X.debug.o 

Object code version is 3.11

Machine type is 16F1827



                Name                               Link     Load   Length Selector   Space Scale
C:\Users\HERBER~1\AppData\Local\Temp\xcAs2ru8.\driver_tmp_15.o
                end_init                              2        2        2        0       0
                reset_vec                             0        0        2        0       0
                config                             8007     8007        2        0       4
dist/default/debug\190014300TP9.X.debug.o
                cinit                               7F3      7F3        D      FE6       0
                config                             8007     8007        2        0       4
                text17                              4BE      4BE        C      97C       0
                text16                              52C      52C       1E      A58       0
                text15                              4D7      4D7        F      9AE       0
                text14                              492      492        5      924       0
                text13                              4B4      4B4        A      968       0
                text12                              511      511       1B      A22       0
                text11                              4E6      4E6       15      9CC       0
                text10                              54A      54A       1F      A94       0
                text9                               5D7      5D7      21C      BAE       0
                text8                               4A1      4A1        6      942       0
                text7                               497      497        5      92E       0
                text6                               49C      49C        5      938       0
                text5                               569      569       21      AD2       0
                text4                               4AD      4AD        7      95A       0
                text3                               4FB      4FB       16      9F6       0
                text2                               48E      48E        4      91C       0
                text1                               4CA      4CA        D      994       0
                maintext                            58A      58A       4D      B14       0
                cstackBANK0                          3A       3A       15       20       1
                cstackCOMMON                         70       70        8       70       1
                clrtext                             4A7      4A7        6      94E       0
                bssBANK0                             20       20       1A       20       1
                bssCOMMON                            7C       7C        2       70       1
                nvBANK0                              4F       4F        2       20       1
                nvCOMMON                             78       78        4       70       1
                stringtext9                         902      902        A     1000       0
                stringtext8                         8F3      8F3        F     1000       0
                stringtext7                         8DD      8DD       16     1000       0
                stringtext6                         8C1      8C1       1C     1000       0
                stringtext5                         8A2      8A2       1F     1000       0
                stringtext4                         87E      87E       24     1000       0
                stringtext3                         858      858       26     1000       0
                stringtext2                         832      832       26     1000       0
                stringtext1                         800      800       32     1000       0

TOTAL           Name                               Link     Load   Length     Space
        CLASS   CODE           
                end_init                              2        2        2         0
                cinit                               7F3      7F3        D         0
                reset_vec                             0        0        2         0
                text17                              4BE      4BE        C         0
                text16                              52C      52C       1E         0
                text15                              4D7      4D7        F         0
                text14                              492      492        5         0
                text13                              4B4      4B4        A         0
                text12                              511      511       1B         0
                text11                              4E6      4E6       15         0
                text10                              54A      54A       1F         0
                text9                               5D7      5D7      21C         0
                text8                               4A1      4A1        6         0
                text7                               497      497        5         0
                text6                               49C      49C        5         0
                text5                               569      569       21         0
                text4                               4AD      4AD        7         0
                text3                               4FB      4FB       16         0
                text2                               48E      48E        4         0
                text1                               4CA      4CA        D         0
                maintext                            58A      58A       4D         0
                clrtext                             4A7      4A7        6         0

        CLASS   STRCODE        
                stringtext9                         902      902        A         0
                stringtext8                         8F3      8F3        F         0
                stringtext7                         8DD      8DD       16         0
                stringtext6                         8C1      8C1       1C         0
                stringtext5                         8A2      8A2       1F         0
                stringtext4                         87E      87E       24         0
                stringtext3                         858      858       26         0
                stringtext2                         832      832       26         0
                stringtext1                         800      800       32         0

        CLASS   STRING         

        CLASS   CONST          

        CLASS   ENTRY          

        CLASS   COMMON         
                cstackCOMMON                         70       70        8         1
                bssCOMMON                            7C       7C        2         1
                nvCOMMON                             78       78        4         1

        CLASS   BANK0          
                cstackBANK0                          3A       3A       15         1
                bssBANK0                             20       20       1A         1
                nvBANK0                              4F       4F        2         1

        CLASS   BANK1          

        CLASS   BANK2          

        CLASS   BANK3          

        CLASS   BANK4          

        CLASS   BIGRAM         

        CLASS   RAM            

        CLASS   ABS1           
                abs_s1                               7E       7E        2         1

        CLASS   SFR0           

        CLASS   SFR1           

        CLASS   SFR2           

        CLASS   SFR3           

        CLASS   SFR4           

        CLASS   SFR5           

        CLASS   SFR6           

        CLASS   SFR7           

        CLASS   SFR8           

        CLASS   SFR9           

        CLASS   SFR10          

        CLASS   SFR11          

        CLASS   SFR12          

        CLASS   SFR13          

        CLASS   SFR14          

        CLASS   SFR15          

        CLASS   SFR16          

        CLASS   SFR17          

        CLASS   SFR18          

        CLASS   SFR19          

        CLASS   SFR20          

        CLASS   SFR21          

        CLASS   SFR22          

        CLASS   SFR23          

        CLASS   SFR24          

        CLASS   SFR25          

        CLASS   SFR26          

        CLASS   SFR27          

        CLASS   SFR28          

        CLASS   SFR29          

        CLASS   SFR30          

        CLASS   SFR31          

        CLASS   CONFIG         
                config                             8007     8007        2         4

        CLASS   IDLOC          

        CLASS   EEDATA         

        CLASS   BANK31         

        CLASS   BANK30         

        CLASS   BANK29         

        CLASS   BANK28         

        CLASS   BANK27         

        CLASS   BANK26         

        CLASS   BANK25         

        CLASS   BANK24         

        CLASS   BANK23         

        CLASS   BANK22         

        CLASS   BANK21         

        CLASS   BANK20         

        CLASS   BANK19         

        CLASS   BANK18         

        CLASS   BANK17         

        CLASS   BANK16         

        CLASS   BANK15         

        CLASS   BANK14         

        CLASS   BANK13         

        CLASS   BANK12         

        CLASS   BANK11         

        CLASS   BANK10         

        CLASS   BANK9          

        CLASS   BANK8          

        CLASS   BANK7          

        CLASS   BANK6          

        CLASS   BANK5          

        CLASS   HEAP           

        CLASS   STACK          



SEGMENTS        Name                           Load    Length   Top    Selector   Space  Class     Delta

                reset_vec                      000000  000004  000004         0       0  CODE        2
                bssBANK0                       000020  000031  000051        20       1  BANK0       1
                cstackCOMMON                   000070  00000E  00007E        70       1  COMMON      1
                text2                          00048E  000004  000492       91C       0  CODE        2
                text14                         000492  000005  000497       924       0  CODE        2
                text7                          000497  000005  00049C       92E       0  CODE        2
                text6                          00049C  000005  0004A1       938       0  CODE        2
                text8                          0004A1  000006  0004A7       942       0  CODE        2
                clrtext                        0004A7  000006  0004AD       94E       0  CODE        2
                text4                          0004AD  000007  0004B4       95A       0  CODE        2
                text13                         0004B4  00000A  0004BE       968       0  CODE        2
                text17                         0004BE  00000C  0004CA       97C       0  CODE        2
                text1                          0004CA  00000D  0004D7       994       0  CODE        2
                text15                         0004D7  00000F  0004E6       9AE       0  CODE        2
                text11                         0004E6  000015  0004FB       9CC       0  CODE        2
                text3                          0004FB  000016  000511       9F6       0  CODE        2
                text12                         000511  00001B  00052C       A22       0  CODE        2
                text16                         00052C  00001E  00054A       A58       0  CODE        2
                text10                         00054A  00001F  000569       A94       0  CODE        2
                text5                          000569  000021  00058A       AD2       0  CODE        2
                maintext                       00058A  00004D  0005D7       B14       0  CODE        2
                text9                          0005D7  00021C  0007F3       BAE       0  CODE        2
                cinit                          0007F3  00000D  000800       FE6       0  CODE        2
                stringtext1                    000800  00010C  00090C      1000       0  STRCODE     2


UNUSED ADDRESS RANGES

        Name                Unused          Largest block    Delta
        BANK0            00051-0006F              1F           1
        BANK1            000A0-000EF              50           1
        BANK2            00120-0016F              50           1
        BANK3            001A0-001EF              50           1
        BANK4            00220-0024F              30           1
        BIGRAM           02000-0216F             170           1
        CODE             00004-0048D             48A           2
                         0090C-00FFF             6F4
        CONST            00004-0048D             100           2
                         0090C-00FFF             100
        EEDATA           0F000-0F0FF             100           2
        ENTRY            00004-0048D             100           2
                         0090C-00FFF             100
        IDLOC            08000-08003               4           2
        RAM              00051-0006F              1F           1
                         000A0-000EF              50
                         00120-0016F              50
                         001A0-001EF              50
                         00220-0024F              30
        SFR0             00000-0001F              20           1
        SFR1             00080-0009F              20           1
        SFR10            00500-0056F              70           1
        SFR11            00580-005EF              70           1
        SFR12            00600-0066F              70           1
        SFR13            00680-006EF              70           1
        SFR14            00700-0076F              70           1
        SFR15            00780-007EF              70           1
        SFR16            00800-0086F              70           1
        SFR17            00880-008EF              70           1
        SFR18            00900-0096F              70           1
        SFR19            00980-009EF              70           1
        SFR2             00100-0011F              20           1
        SFR20            00A00-00A6F              70           1
        SFR21            00A80-00AEF              70           1
        SFR22            00B00-00B6F              70           1
        SFR23            00B80-00BEF              70           1
        SFR24            00C00-00C6F              70           1
        SFR25            00C80-00CEF              70           1
        SFR26            00D00-00D6F              70           1
        SFR27            00D80-00DEF              70           1
        SFR28            00E00-00E6F              70           1
        SFR29            00E80-00EEF              70           1
        SFR3             00180-0019F              20           1
        SFR30            00F00-00F6F              70           1
        SFR31            00F80-00FEF              70           1
        SFR4             00200-0021F              20           1
        SFR5             00280-002EF              70           1
        SFR6             00300-0036F              70           1
        SFR7             00380-003EF              70           1
        SFR8             00400-0046F              70           1
        SFR9             00480-004EF              70           1
        STRCODE          00004-0048D             48A           2
                         0090C-00FFF             6F4
        STRING           00004-0048D             100           2
                         0090C-00FFF             100

                                  Symbol Table

?___wmul                                       cstackCOMMON 00070
DATAEE_ReadByte@bAdd                           cstackCOMMON 00070
DATAEE_WriteByte@GIEBitValue                   cstackCOMMON 00076
DATAEE_WriteByte@bAdd                          cstackCOMMON 00075
DATAEE_WriteByte@bData                         cstackCOMMON 00074
EUSART_SetErrorHandler@interruptHandler        cstackCOMMON 00070
EUSART_SetFramingErrorHandler@interruptHandler cstackCOMMON 00070
EUSART_SetOverrunErrorHandler@interruptHandler cstackCOMMON 00070
EUSART_Write@txData                            cstackCOMMON 00070
MSGFUNC@AUX1                                   cstackBANK0  0003C
MSGFUNC@AUX1_80                                cstackBANK0  00045
MSGFUNC@AUX1_87                                cstackBANK0  00047
MSGFUNC@Bposi                                  cstackBANK0  0003A
MSGFUNC@CONT                                   cstackBANK0  00040
MSGFUNC@MSGATIV                                cstackBANK0  0003F
MSGFUNC@i                                      cstackBANK0  00043
MSGFUNC@j                                      cstackBANK0  00041
MSGFUNC@j_85                                   cstackBANK0  0004B
MSGFUNC@j_88                                   cstackBANK0  00049
MSGFUNC@letra                                  cstackBANK0  0003E
MSGFUNC@posi                                   cstackBANK0  0004D
MSGTXT@MSG                                     cstackCOMMON 00071
_ANSELA                                        (abs)        0018C
_ANSELB                                        (abs)        0018D
_APFCON0                                       (abs)        0011D
_APFCON1                                       (abs)        0011E
_BAUDCON                                       (abs)        0019F
_BORCON                                        (abs)        00116
_CMDRECEIV                                     bssCOMMON    0007D
_CMDRECORD                                     bssBANK0     00034
_DATAEE_ReadByte                               text17       004BE
_DATAEE_WriteByte                              text16       0052C
_EEADRH                                        (abs)        00192
_EEADRL                                        (abs)        00191
_EECON1bits                                    (abs)        00195
_EECON2                                        (abs)        00196
_EEDATH                                        (abs)        00194
_EEDATL                                        (abs)        00193
_EUSART_DefaultErrorHandler                    (abs)        00000
_EUSART_DefaultFramingErrorHandler             (abs)        00000
_EUSART_DefaultOverrunErrorHandler             (abs)        00000
_EUSART_ErrorHandler                           nvBANK0      0004F
_EUSART_FramingErrorHandler                    nvCOMMON     0007A
_EUSART_Initialize                             text5        00569
_EUSART_OverrunErrorHandler                    nvCOMMON     00078
_EUSART_Read                                   text15       004D7
_EUSART_SetErrorHandler                        text8        004A1
_EUSART_SetFramingErrorHandler                 text7        00497
_EUSART_SetOverrunErrorHandler                 text6        0049C
_EUSART_Write                                  text13       004B4
_EUSART_is_rx_ready                            text14       00492
_INTCONbits                                    (abs)        0000B
_ISRCVD                                        bssBANK0     00035
_LATA                                          (abs)        0010C
_LATB                                          (abs)        0010D
_MSG0                                          stringtext1  00800
_MSG1                                          stringtext7  008DD
_MSG2                                          stringtext6  008C1
_MSG3                                          stringtext9  00902
_MSG4                                          stringtext8  008F3
_MSG5                                          stringtext3  00858
_MSG6                                          stringtext2  00832
_MSG7                                          stringtext4  0087E
_MSGFUNC                                       text9        005D7
_MSGRX                                         bssBANK0     00020
_MSGS                                          stringtext5  008A2
_MSGTXT                                        text12       00511
_NAGEN                                         bssBANK0     00038
_NPROX                                         bssBANK0     00036
_OPTION_REGbits                                (abs)        00095
_OSCCON                                        (abs)        00099
_OSCILLATOR_Initialize                         text4        004AD
_OSCTUNE                                       (abs)        00098
_PIN_MANAGER_Initialize                        text3        004FB
_PIR1bits                                      (abs)        00011
_RCREG                                         (abs)        00199
_RCSTA                                         (abs)        0019D
_RCSTAbits                                     (abs)        0019D
_SPBRGH                                        (abs)        0019C
_SPBRGL                                        (abs)        0019B
_SYSTEM_Initialize                             text1        004CA
_TRISA                                         (abs)        0008C
_TRISB                                         (abs)        0008D
_TXREG                                         (abs)        0019A
_TXSTA                                         (abs)        0019E
_TXSTAbits                                     (abs)        0019E
_WDTCON                                        (abs)        00097
_WDT_Initialize                                text2        0048E
_WPUA                                          (abs)        0020C
_WPUB                                          (abs)        0020D
__H__absolute__                                __absolute__ 00000
__Habs1                                        abs1         00000
__Hbank0                                       bank0        00000
__Hbank1                                       bank1        00000
__Hbank10                                      bank10       00000
__Hbank11                                      bank11       00000
__Hbank12                                      bank12       00000
__Hbank13                                      bank13       00000
__Hbank14                                      bank14       00000
__Hbank15                                      bank15       00000
__Hbank16                                      bank16       00000
__Hbank17                                      bank17       00000
__Hbank18                                      bank18       00000
__Hbank19                                      bank19       00000
__Hbank2                                       bank2        00000
__Hbank20                                      bank20       00000
__Hbank21                                      bank21       00000
__Hbank22                                      bank22       00000
__Hbank23                                      bank23       00000
__Hbank24                                      bank24       00000
__Hbank25                                      bank25       00000
__Hbank26                                      bank26       00000
__Hbank27                                      bank27       00000
__Hbank28                                      bank28       00000
__Hbank29                                      bank29       00000
__Hbank3                                       bank3        00000
__Hbank30                                      bank30       00000
__Hbank31                                      bank31       00000
__Hbank4                                       bank4        00000
__Hbank5                                       bank5        00000
__Hbank6                                       bank6        00000
__Hbank7                                       bank7        00000
__Hbank8                                       bank8        00000
__Hbank9                                       bank9        00000
__Hbigram                                      bigram       00000
__HbssBANK0                                    bssBANK0     00000
__HbssCOMMON                                   bssCOMMON    00000
__Hcinit                                       cinit        00800
__Hclrtext                                     clrtext      00000
__Hcode                                        code         00000
__Hcommon                                      common       00000
__Hconfig                                      config       08009
__HcstackBANK0                                 cstackBANK0  00000
__HcstackCOMMON                                cstackCOMMON 00000
__Heeprom_data                                 eeprom_data  00000
__Hend_init                                    end_init     00004
__Hfunctab                                     functab      00000
__Hheap                                        heap         00000
__Hinit                                        init         00002
__Hintentry                                    intentry     00002
__Hmaintext                                    maintext     00000
__HnvBANK0                                     nvBANK0      00000
__HnvCOMMON                                    nvCOMMON     00000
__Hpowerup                                     powerup      00000
__Hram                                         ram          00000
__Hreset_vec                                   reset_vec    00002
__Hsfr0                                        sfr0         00000
__Hsfr1                                        sfr1         00000
__Hsfr10                                       sfr10        00000
__Hsfr11                                       sfr11        00000
__Hsfr12                                       sfr12        00000
__Hsfr13                                       sfr13        00000
__Hsfr14                                       sfr14        00000
__Hsfr15                                       sfr15        00000
__Hsfr16                                       sfr16        00000
__Hsfr17                                       sfr17        00000
__Hsfr18                                       sfr18        00000
__Hsfr19                                       sfr19        00000
__Hsfr2                                        sfr2         00000
__Hsfr20                                       sfr20        00000
__Hsfr21                                       sfr21        00000
__Hsfr22                                       sfr22        00000
__Hsfr23                                       sfr23        00000
__Hsfr24                                       sfr24        00000
__Hsfr25                                       sfr25        00000
__Hsfr26                                       sfr26        00000
__Hsfr27                                       sfr27        00000
__Hsfr28                                       sfr28        00000
__Hsfr29                                       sfr29        00000
__Hsfr3                                        sfr3         00000
__Hsfr30                                       sfr30        00000
__Hsfr31                                       sfr31        00000
__Hsfr4                                        sfr4         00000
__Hsfr5                                        sfr5         00000
__Hsfr6                                        sfr6         00000
__Hsfr7                                        sfr7         00000
__Hsfr8                                        sfr8         00000
__Hsfr9                                        sfr9         00000
__Hsivt                                        sivt         00002
__Hspace_0                                     (abs)        0090C
__Hspace_1                                     (abs)        0007E
__Hspace_2                                     (abs)        00000
__Hspace_3                                     (abs)        00000
__Hspace_4                                     (abs)        10010
__Hstack                                       stack        00000
__Hstrings                                     strings      00000
__Hstringtext1                                 stringtext1  00000
__Hstringtext2                                 stringtext2  00000
__Hstringtext3                                 stringtext3  00000
__Hstringtext4                                 stringtext4  00000
__Hstringtext5                                 stringtext5  00000
__Hstringtext6                                 stringtext6  00000
__Hstringtext7                                 stringtext7  00000
__Hstringtext8                                 stringtext8  00000
__Hstringtext9                                 stringtext9  00000
__Htext                                        text         00000
__L__absolute__                                __absolute__ 00000
__Labs1                                        abs1         00000
__Lbank0                                       bank0        00000
__Lbank1                                       bank1        00000
__Lbank10                                      bank10       00000
__Lbank11                                      bank11       00000
__Lbank12                                      bank12       00000
__Lbank13                                      bank13       00000
__Lbank14                                      bank14       00000
__Lbank15                                      bank15       00000
__Lbank16                                      bank16       00000
__Lbank17                                      bank17       00000
__Lbank18                                      bank18       00000
__Lbank19                                      bank19       00000
__Lbank2                                       bank2        00000
__Lbank20                                      bank20       00000
__Lbank21                                      bank21       00000
__Lbank22                                      bank22       00000
__Lbank23                                      bank23       00000
__Lbank24                                      bank24       00000
__Lbank25                                      bank25       00000
__Lbank26                                      bank26       00000
__Lbank27                                      bank27       00000
__Lbank28                                      bank28       00000
__Lbank29                                      bank29       00000
__Lbank3                                       bank3        00000
__Lbank30                                      bank30       00000
__Lbank31                                      bank31       00000
__Lbank4                                       bank4        00000
__Lbank5                                       bank5        00000
__Lbank6                                       bank6        00000
__Lbank7                                       bank7        00000
__Lbank8                                       bank8        00000
__Lbank9                                       bank9        00000
__Lbigram                                      bigram       00000
__LbssBANK0                                    bssBANK0     00000
__LbssCOMMON                                   bssCOMMON    00000
__Lcinit                                       cinit        007F3
__Lclrtext                                     clrtext      00000
__Lcode                                        code         00000
__Lcommon                                      common       00000
__Lconfig                                      config       00000
__LcstackBANK0                                 cstackBANK0  00000
__LcstackCOMMON                                cstackCOMMON 00000
__Leeprom_data                                 eeprom_data  00000
__Lend_init                                    end_init     00002
__Lfunctab                                     functab      00000
__Lheap                                        heap         00000
__Linit                                        init         00002
__Lintentry                                    intentry     00002
__Lmaintext                                    maintext     00000
__LnvBANK0                                     nvBANK0      00000
__LnvCOMMON                                    nvCOMMON     00000
__Lpowerup                                     powerup      00000
__Lram                                         ram          00000
__Lreset_vec                                   reset_vec    00000
__Lsfr0                                        sfr0         00000
__Lsfr1                                        sfr1         00000
__Lsfr10                                       sfr10        00000
__Lsfr11                                       sfr11        00000
__Lsfr12                                       sfr12        00000
__Lsfr13                                       sfr13        00000
__Lsfr14                                       sfr14        00000
__Lsfr15                                       sfr15        00000
__Lsfr16                                       sfr16        00000
__Lsfr17                                       sfr17        00000
__Lsfr18                                       sfr18        00000
__Lsfr19                                       sfr19        00000
__Lsfr2                                        sfr2         00000
__Lsfr20                                       sfr20        00000
__Lsfr21                                       sfr21        00000
__Lsfr22                                       sfr22        00000
__Lsfr23                                       sfr23        00000
__Lsfr24                                       sfr24        00000
__Lsfr25                                       sfr25        00000
__Lsfr26                                       sfr26        00000
__Lsfr27                                       sfr27        00000
__Lsfr28                                       sfr28        00000
__Lsfr29                                       sfr29        00000
__Lsfr3                                        sfr3         00000
__Lsfr30                                       sfr30        00000
__Lsfr31                                       sfr31        00000
__Lsfr4                                        sfr4         00000
__Lsfr5                                        sfr5         00000
__Lsfr6                                        sfr6         00000
__Lsfr7                                        sfr7         00000
__Lsfr8                                        sfr8         00000
__Lsfr9                                        sfr9         00000
__Lsivt                                        sivt         00002
__Lspace_0                                     (abs)        00000
__Lspace_1                                     (abs)        00000
__Lspace_2                                     (abs)        00000
__Lspace_3                                     (abs)        00000
__Lspace_4                                     (abs)        00000
__Lstack                                       stack        00000
__Lstrings                                     strings      00000
__Lstringtext1                                 stringtext1  00000
__Lstringtext2                                 stringtext2  00000
__Lstringtext3                                 stringtext3  00000
__Lstringtext4                                 stringtext4  00000
__Lstringtext5                                 stringtext5  00000
__Lstringtext6                                 stringtext6  00000
__Lstringtext7                                 stringtext7  00000
__Lstringtext8                                 stringtext8  00000
__Lstringtext9                                 stringtext9  00000
__Ltext                                        text         00000
__S0                                           (abs)        0090C
__S1                                           (abs)        0007E
__S3                                           (abs)        00000
___bmul                                        text11       004E6
___bmul@multiplicand                           cstackCOMMON 00070
___bmul@multiplier                             cstackCOMMON 00073
___bmul@product                                cstackCOMMON 00072
___heap_hi                                     (abs)        00000
___heap_lo                                     (abs)        00000
___int_sp                                      stack        00000
___int_stack_hi                                stack        00000
___int_stack_lo                                stack        00000
___latbits                                     (abs)        00001
___sp                                          stack        00000
___stack_hi                                    stack        00000
___stack_lo                                    stack        00000
___stackhi                                     (abs)        00000
___stacklo                                     (abs)        00000
___wmul                                        text10       0054A
___wmul@multiplicand                           cstackCOMMON 00072
___wmul@multiplier                             cstackCOMMON 00070
___wmul@product                                cstackCOMMON 00074
__end_of_DATAEE_ReadByte                       text17       004CA
__end_of_DATAEE_WriteByte                      text16       0054A
__end_of_EUSART_Initialize                     text5        0058A
__end_of_EUSART_Read                           text15       004E6
__end_of_EUSART_SetErrorHandler                text8        004A7
__end_of_EUSART_SetFramingErrorHandler         text7        0049C
__end_of_EUSART_SetOverrunErrorHandler         text6        004A1
__end_of_EUSART_Write                          text13       004BE
__end_of_EUSART_is_rx_ready                    text14       00497
__end_of_MSG0                                  stringtext1  00832
__end_of_MSG1                                  stringtext7  008F3
__end_of_MSG2                                  stringtext6  008DD
__end_of_MSG3                                  stringtext9  0090C
__end_of_MSG4                                  stringtext8  00902
__end_of_MSG5                                  stringtext3  0087E
__end_of_MSG6                                  stringtext2  00858
__end_of_MSG7                                  stringtext4  008A2
__end_of_MSGFUNC                               text9        007F3
__end_of_MSGS                                  stringtext5  008C1
__end_of_MSGTXT                                text12       0052C
__end_of_OSCILLATOR_Initialize                 text4        004B4
__end_of_PIN_MANAGER_Initialize                text3        00511
__end_of_SYSTEM_Initialize                     text1        004D7
__end_of_WDT_Initialize                        text2        00492
__end_of___bmul                                text11       004FB
__end_of___wmul                                text10       00569
__end_of__initialization                       cinit        007FD
__end_of_main                                  maintext     005D7
__initialization                               cinit        007F3
__pbssBANK0                                    bssBANK0     00020
__pbssCOMMON                                   bssCOMMON    0007C
__pcstackBANK0                                 cstackBANK0  0003A
__pcstackCOMMON                                cstackCOMMON 00070
__pmaintext                                    maintext     0058A
__pnvBANK0                                     nvBANK0      0004F
__pnvCOMMON                                    nvCOMMON     00078
__pstringtext1                                 stringtext1  00800
__pstringtext2                                 stringtext2  00832
__pstringtext3                                 stringtext3  00858
__pstringtext4                                 stringtext4  0087E
__pstringtext5                                 stringtext5  008A2
__pstringtext6                                 stringtext6  008C1
__pstringtext7                                 stringtext7  008DD
__pstringtext8                                 stringtext8  008F3
__pstringtext9                                 stringtext9  00902
__ptext1                                       text1        004CA
__ptext10                                      text10       0054A
__ptext11                                      text11       004E6
__ptext12                                      text12       00511
__ptext13                                      text13       004B4
__ptext14                                      text14       00492
__ptext15                                      text15       004D7
__ptext16                                      text16       0052C
__ptext17                                      text17       004BE
__ptext2                                       text2        0048E
__ptext3                                       text3        004FB
__ptext4                                       text4        004AD
__ptext5                                       text5        00569
__ptext6                                       text6        0049C
__ptext7                                       text7        00497
__ptext8                                       text8        004A1
__ptext9                                       text9        005D7
_eusartRxLastError                             bssCOMMON    0007C
_main                                          maintext     0058A
btemp                                          (abs)        0007E
clear_ram0                                     clrtext      004A7
end_of_initialization                          cinit        007FD
intlevel0                                      functab      00000
intlevel1                                      functab      00000
intlevel2                                      functab      00000
intlevel3                                      functab      00000
intlevel4                                      functab      00000
intlevel5                                      functab      00000
reset_vec                                      reset_vec    00000
start                                          init         00002
start_initialization                           cinit        007F3
wtemp0                                         (abs)        0007E


MODULE INFORMATION

Module		Function		Class		Link	Load	Size
C:\Program Files\Microchip\xc8\v2.46\pic\sources\c99\common\Umul8.c
		___bmul        		CODE           	04E6	0000	21

C:\Program Files\Microchip\xc8\v2.46\pic\sources\c99\common\Umul8.c estimated size: 21

mcc_generated_files/pin_manager.c
		_PIN_MANAGER_Initialize		CODE           	04FB	0000	22

mcc_generated_files/pin_manager.c estimated size: 22

shared
		_MSG2          		STRCODE        	08C1	0000	28
		_MSG3          		STRCODE        	0902	0000	10
		_MSG4          		STRCODE        	08F3	0000	15
		_MSG5          		STRCODE        	0858	0000	38
		_MSG6          		STRCODE        	0832	0000	38
		_MSG7          		STRCODE        	087E	0000	36
		__initialization		CODE           	07F3	0000	10
		_MSG0          		STRCODE        	0800	0000	50
		_MSGS          		STRCODE        	08A2	0000	31
		_MSG1          		STRCODE        	08DD	0000	22

shared estimated size: 278

C:\Program Files\Microchip\xc8\v2.46\pic\sources\c99\common\Umul16.c
		___wmul        		CODE           	054A	0000	31

C:\Program Files\Microchip\xc8\v2.46\pic\sources\c99\common\Umul16.c estimated size: 31

mcc_generated_files/mcc.c
		_WDT_Initialize		CODE           	048E	0000	4
		_OSCILLATOR_Initialize		CODE           	04AD	0000	7
		_SYSTEM_Initialize		CODE           	04CA	0000	13

mcc_generated_files/mcc.c estimated size: 24

mcc_generated_files/memory.c
		_DATAEE_WriteByte		CODE           	052C	0000	30
		_DATAEE_ReadByte		CODE           	04BE	0000	12

mcc_generated_files/memory.c estimated size: 42

mcc_generated_files/eusart.c
		_EUSART_Read   		CODE           	04D7	0000	15
		_EUSART_Write  		CODE           	04B4	0000	10
		_EUSART_Initialize		CODE           	0569	0000	33
		_EUSART_SetFramingErrorHandler		CODE           	0497	0000	5
		_EUSART_SetErrorHandler		CODE           	04A1	0000	6
		_EUSART_SetOverrunErrorHandler		CODE           	049C	0000	5
		_EUSART_is_rx_ready		CODE           	0492	0000	5

mcc_generated_files/eusart.c estimated size: 79

main.c
		_MSGFUNC       		CODE           	05D7	0000	540
		_main          		CODE           	058A	0000	77
		_MSGTXT        		CODE           	0511	0000	27

main.c estimated size: 644

