Microchip MPLAB XC8 Compiler V2.50

Linker command line:

-W-3 \
  --edf=C:\Program Files\Microchip\xc8\v2.50\pic\dat\20240725155939_en.msgs \
  -cn -h+dist/default/production\190014300TP8.X.production.sym \
  --cmf=dist/default/production\190014300TP8.X.production.cmf -z -Q16F1827 \
  -oC:\Users\Alunos\AppData\Local\Temp\xcBs8b4.1\driver_tmp_3.o \
  --defsym=__MPLAB_BUILD=1 --fixupoverflow=error \
  -Mdist/default/production/190014300TP8.X.production.map \
  --md=C:\Users\Alunos\AppData\Local\Temp\xcBs8b4.1\driver_tmp_0.dat -E1 \
  -ver=XC8 Compiler --acfsm=1493 -ACODE=00h-07FFhx2 -ASTRCODE=00h-0FFFh \
  -ASTRING=00h-0FFhx16 -ACONST=00h-0FFhx16 -AENTRY=00h-0FFhx16 \
  -ACOMMON=070h-07Fh -ABANK0=020h-06Fh -ABANK1=0A0h-0EFh \
  -ABANK2=0120h-016Fh -ABANK3=01A0h-01EFh -ABANK4=0220h-024Fh \
  -ABIGRAM=02000h-0216Fh \
  -ARAM=020h-06Fh,0A0h-0EFh,0120h-016Fh,01A0h-01EFh,0220h-024Fh \
  -AABS1=020h-07Fh,0A0h-0EFh,0120h-016Fh,01A0h-01EFh,0220h-024Fh \
  -ASFR0=00h-01Fh -ASFR1=080h-09Fh -ASFR2=0100h-011Fh -ASFR3=0180h-019Fh \
  -ASFR4=0200h-021Fh -ASFR5=0280h-02EFh -ASFR6=0300h-036Fh \
  -ASFR7=0380h-03EFh -ASFR8=0400h-046Fh -ASFR9=0480h-04EFh \
  -ASFR10=0500h-056Fh -ASFR11=0580h-05EFh -ASFR12=0600h-066Fh \
  -ASFR13=0680h-06EFh -ASFR14=0700h-076Fh -ASFR15=0780h-07EFh \
  -ASFR16=0800h-086Fh -ASFR17=0880h-08EFh -ASFR18=0900h-096Fh \
  -ASFR19=0980h-09EFh -ASFR20=0A00h-0A6Fh -ASFR21=0A80h-0AEFh \
  -ASFR22=0B00h-0B6Fh -ASFR23=0B80h-0BEFh -ASFR24=0C00h-0C6Fh \
  -ASFR25=0C80h-0CEFh -ASFR26=0D00h-0D6Fh -ASFR27=0D80h-0DEFh \
  -ASFR28=0E00h-0E6Fh -ASFR29=0E80h-0EEFh -ASFR30=0F00h-0F6Fh \
  -ASFR31=0F80h-0FEFh -ACONFIG=08007h-08008h -DCONFIG=2 \
  -AIDLOC=08000h-08003h -DIDLOC=2 -AEEDATA=00h-0FFh/0F000h \
  -peeprom_data=EEDATA -DEEDATA=2 -DCODE=2 -DSTRCODE=2 -DSTRING=2 -DCONST=2 \
  -DENTRY=2 -preset_vec=00h,intentry=04h,sivt,init,end_init -ppowerup=CODE \
  -pcinit=CODE -pfunctab=ENTRY -k \
  C:\Users\Alunos\AppData\Local\Temp\xcBs8b4.1\driver_tmp_15.o \
  dist/default/production\190014300TP8.X.production.o 

Object code version is 3.11

Machine type is 16F1827



                Name                               Link     Load   Length Selector   Space Scale
C:\Users\Alunos\AppData\Local\Temp\xcBs8b4.1\driver_tmp_15.o
                end_init                             19       19        2        8       0
                reset_vec                             0        0        2        0       0
                config                             8007     8007        2        0       4
dist/default/production\190014300TP8.X.production.o
                cinit                                1B       1B       1A        8       0
                intentry                              4        4       15        8       0
                config                             8007     8007        2        0       4
                text28                              27E      27E       1B        8       0
                text27                              31E      31E        A        8       0
                text26                              225      225       1F        8       0
                text25                               35       35       97        8       0
                text24                              36B      36B        1        8       0
                text23                              311      311        D        8       0
                text22                              2E4      2E4       11        8       0
                text21                              244      244       1E        8       0
                text19                              2F5      2F5        F        8       0
                text18                              362      362        5        8       0
                text17                              330      330        8        8       0
                text16                              304      304        D        8       0
                text15                              357      357        6        8       0
                text14                              351      351        6        8       0
                text13                              34B      34B        6        8       0
                text12                              200      200       25        8       0
                text11                              338      338        7        8       0
                text10                              2CB      2CB       19        8       0
                text9                               345      345        6        8       0
                text8                               2B2      2B2       19        8       0
                text7                               328      328        8        8       0
                text6                               367      367        4        8       0
                text5                               299      299       19        8       0
                text4                               262      262       1C        8       0
                text3                               19F      19F       3B        8       0
                text2                                CC       CC       8F        8       0
                text1                               1DA      1DA       26        8       0
                maintext                            15B      15B       44        8       0
                cstackBANK0                          36       36        D       20       1
                cstackCOMMON                         70       70        E       70       1
                clrtext                             33F      33F        6        8       0
                dataBANK0                            4B       4B        5       20       1
                bssBANK0                             20       20       16       20       1
                nvBANK0                              43       43        8       20       1
                idataBANK0                          35D      35D        5        8       0

TOTAL           Name                               Link     Load   Length     Space
        CLASS   CODE           
                end_init                             19       19        2         0
                cinit                                1B       1B       1A         0
                intentry                              4        4       15         0
                reset_vec                             0        0        2         0
                text28                              27E      27E       1B         0
                text27                              31E      31E        A         0
                text26                              225      225       1F         0
                text25                               35       35       97         0
                text24                              36B      36B        1         0
                text23                              311      311        D         0
                text22                              2E4      2E4       11         0
                text21                              244      244       1E         0
                text19                              2F5      2F5        F         0
                text18                              362      362        5         0
                text17                              330      330        8         0
                text16                              304      304        D         0
                text15                              357      357        6         0
                text14                              351      351        6         0
                text13                              34B      34B        6         0
                text12                              200      200       25         0
                text11                              338      338        7         0
                text10                              2CB      2CB       19         0
                text9                               345      345        6         0
                text8                               2B2      2B2       19         0
                text7                               328      328        8         0
                text6                               367      367        4         0
                text5                               299      299       19         0
                text4                               262      262       1C         0
                text3                               19F      19F       3B         0
                text2                                CC       CC       8F         0
                text1                               1DA      1DA       26         0
                maintext                            15B      15B       44         0
                clrtext                             33F      33F        6         0
                idataBANK0                          35D      35D        5         0

        CLASS   STRCODE        

        CLASS   STRING         

        CLASS   CONST          

        CLASS   ENTRY          

        CLASS   COMMON         
                cstackCOMMON                         70       70        E         1

        CLASS   BANK0          
                cstackBANK0                          36       36        D         1
                dataBANK0                            4B       4B        5         1
                bssBANK0                             20       20       16         1
                nvBANK0                              43       43        8         1

        CLASS   BANK1          

        CLASS   BANK2          

        CLASS   BANK3          

        CLASS   BANK4          

        CLASS   BIGRAM         

        CLASS   RAM            

        CLASS   ABS1           
                abs_s1                               7E       7E        2         1

        CLASS   SFR0           

        CLASS   SFR1           

        CLASS   SFR2           

        CLASS   SFR3           

        CLASS   SFR4           

        CLASS   SFR5           

        CLASS   SFR6           

        CLASS   SFR7           

        CLASS   SFR8           

        CLASS   SFR9           

        CLASS   SFR10          

        CLASS   SFR11          

        CLASS   SFR12          

        CLASS   SFR13          

        CLASS   SFR14          

        CLASS   SFR15          

        CLASS   SFR16          

        CLASS   SFR17          

        CLASS   SFR18          

        CLASS   SFR19          

        CLASS   SFR20          

        CLASS   SFR21          

        CLASS   SFR22          

        CLASS   SFR23          

        CLASS   SFR24          

        CLASS   SFR25          

        CLASS   SFR26          

        CLASS   SFR27          

        CLASS   SFR28          

        CLASS   SFR29          

        CLASS   SFR30          

        CLASS   SFR31          

        CLASS   CONFIG         
                config                             8007     8007        2         4

        CLASS   IDLOC          

        CLASS   EEDATA         

        CLASS   BANK31         

        CLASS   BANK30         

        CLASS   BANK29         

        CLASS   BANK28         

        CLASS   BANK27         

        CLASS   BANK26         

        CLASS   BANK25         

        CLASS   BANK24         

        CLASS   BANK23         

        CLASS   BANK22         

        CLASS   BANK21         

        CLASS   BANK20         

        CLASS   BANK19         

        CLASS   BANK18         

        CLASS   BANK17         

        CLASS   BANK16         

        CLASS   BANK15         

        CLASS   BANK14         

        CLASS   BANK13         

        CLASS   BANK12         

        CLASS   BANK11         

        CLASS   BANK10         

        CLASS   BANK9          

        CLASS   BANK8          

        CLASS   BANK7          

        CLASS   BANK6          

        CLASS   BANK5          

        CLASS   HEAP           

        CLASS   STACK          



SEGMENTS        Name                           Load    Length   Top    Selector   Space  Class     Delta

                reset_vec                      000000  000002  000002         0       0  CODE        2
                intentry                       000004  000368  00036C         8       0  CODE        2
                bssBANK0                       000020  000030  000050        20       1  BANK0       1
                cstackCOMMON                   000070  00000E  00007E        70       1  COMMON      1


UNUSED ADDRESS RANGES

        Name                Unused          Largest block    Delta
        BANK0            00050-0006F              20           1
        BANK1            000A0-000EF              50           1
        BANK2            00120-0016F              50           1
        BANK3            001A0-001EF              50           1
        BANK4            00220-0024F              30           1
        BIGRAM           02000-0216F             170           1
        CODE             00002-00003               2           2
                         0036C-00FFF             494
        CONST            00002-00003               2           2
                         0036C-00FFF             100
        EEDATA           0F000-0F0FF             100           2
        ENTRY            00002-00003               2           2
                         0036C-00FFF             100
        IDLOC            08000-08003               4           2
        RAM              00050-0006F              20           1
                         000A0-000EF              50
                         00120-0016F              50
                         001A0-001EF              50
                         00220-0024F              30
        SFR0             00000-0001F              20           1
        SFR1             00080-0009F              20           1
        SFR10            00500-0056F              70           1
        SFR11            00580-005EF              70           1
        SFR12            00600-0066F              70           1
        SFR13            00680-006EF              70           1
        SFR14            00700-0076F              70           1
        SFR15            00780-007EF              70           1
        SFR16            00800-0086F              70           1
        SFR17            00880-008EF              70           1
        SFR18            00900-0096F              70           1
        SFR19            00980-009EF              70           1
        SFR2             00100-0011F              20           1
        SFR20            00A00-00A6F              70           1
        SFR21            00A80-00AEF              70           1
        SFR22            00B00-00B6F              70           1
        SFR23            00B80-00BEF              70           1
        SFR24            00C00-00C6F              70           1
        SFR25            00C80-00CEF              70           1
        SFR26            00D00-00D6F              70           1
        SFR27            00D80-00DEF              70           1
        SFR28            00E00-00E6F              70           1
        SFR29            00E80-00EEF              70           1
        SFR3             00180-0019F              20           1
        SFR30            00F00-00F6F              70           1
        SFR31            00F80-00FEF              70           1
        SFR4             00200-0021F              20           1
        SFR5             00280-002EF              70           1
        SFR6             00300-0036F              70           1
        SFR7             00380-003EF              70           1
        SFR8             00400-0046F              70           1
        SFR9             00480-004EF              70           1
        STRCODE          00002-00003               2           2
                         0036C-00FFF             C94
        STRING           00002-00003               2           2
                         0036C-00FFF             100

                                  Symbol Table

?_ADC_GetConversion                            cstackCOMMON 00070
?___lwdiv                                      cstackBANK0  00036
?___wmul                                       cstackCOMMON 00074
ADC_GetConversion@channel                      cstackCOMMON 00073
EPWM2_LoadDutyValue@dutyValue                  cstackBANK0  00036
EUSART_SetErrorHandler@interruptHandler        cstackBANK0  00036
EUSART_SetFramingErrorHandler@interruptHandler cstackBANK0  00036
EUSART_SetOverrunErrorHandler@interruptHandler cstackBANK0  00036
EUSART_Write@txData                            cstackCOMMON 00070
TMR1_ISR@CountCallBack                         bssBANK0     0002D
TMR1_SetInterruptHandler@InterruptHandler      cstackBANK0  00036
TMR1_WriteTimer@timerVal                       cstackCOMMON 00070
_ADCON0                                        (abs)        0009D
_ADCON0bits                                    (abs)        0009D
_ADCON1                                        (abs)        0009E
_ADC_GetConversion                             text28       0027E
_ADC_Initialize                                text17       00330
_ADRESH                                        (abs)        0009C
_ADRESL                                        (abs)        0009B
_ANSELA                                        (abs)        0018C
_ANSELB                                        (abs)        0018D
_APFCON0                                       (abs)        0011D
_APFCON1                                       (abs)        0011E
_BAUDCON                                       (abs)        0019F
_BORCON                                        (abs)        00116
_ByteRx                                        bssBANK0     00020
_CCP2CON                                       (abs)        0029A
_CCPR2H                                        (abs)        00299
_CCPR2L                                        (abs)        00298
_CCPTMRS0bits                                  (abs)        0029E
_ECCP2AS                                       (abs)        0029C
_EPWM2_Initialize                              text16       00304
_EPWM2_LoadDutyValue                           text4        00262
_EUSART_DefaultErrorHandler                    (abs)        00000
_EUSART_DefaultFramingErrorHandler             (abs)        00000
_EUSART_DefaultOverrunErrorHandler             (abs)        00000
_EUSART_ErrorHandler                           nvBANK0      00045
_EUSART_FramingErrorHandler                    nvBANK0      00049
_EUSART_Initialize                             text12       00200
_EUSART_OverrunErrorHandler                    nvBANK0      00047
_EUSART_Read                                   text19       002F5
_EUSART_SetErrorHandler                        text15       00357
_EUSART_SetFramingErrorHandler                 text14       00351
_EUSART_SetOverrunErrorHandler                 text13       0034B
_EUSART_Write                                  text27       0031E
_EUSART_is_rx_ready                            text18       00362
_INTCONbits                                    (abs)        0000B
_INTERRUPT_InterruptManager                    intentry     00004
_LATA                                          (abs)        0010C
_LATB                                          (abs)        0010D
_OPTION_REGbits                                (abs)        00095
_OSCCON                                        (abs)        00099
_OSCILLATOR_Initialize                         text11       00338
_OSCTUNE                                       (abs)        00098
_PIE1bits                                      (abs)        00091
_PIN_MANAGER_Initialize                        text10       002CB
_PIR1bits                                      (abs)        00011
_PR2                                           (abs)        0001B
_PSTR2CON                                      (abs)        0029D
_PWM2CON                                       (abs)        0029B
_RCREG                                         (abs)        00199
_RCSTA                                         (abs)        0019D
_RCSTAbits                                     (abs)        0019D
_RXdados                                       bssBANK0     0002B
_SPBRGH                                        (abs)        0019C
_SPBRGL                                        (abs)        0019B
_SYSTEM_Initialize                             text5        00299
_T1CON                                         (abs)        00018
_T1CONbits                                     (abs)        00018
_T1GCON                                        (abs)        00019
_T1GCONbits                                    (abs)        00019
_T2CON                                         (abs)        0001C
_T2CONbits                                     (abs)        0001C
_TMR1H                                         (abs)        00017
_TMR1L                                         (abs)        00016
_TMR1_CallBack                                 text23       00311
_TMR1_DefaultInterruptHandler                  text24       0036B
_TMR1_ISR                                      text21       00244
_TMR1_Initialize                               text8        002B2
_TMR1_InterruptHandler                         nvBANK0      00043
_TMR1_SetInterruptHandler                      text9        00345
_TMR1_WriteTimer                               text22       002E4
_TMR2                                          (abs)        0001A
_TMR2_Initialize                               text7        00328
_TRISA                                         (abs)        0008C
_TRISB                                         (abs)        0008D
_TRUSART                                       text25       00035
_TRUSART$1488                                  cstackCOMMON 0007C
_TX1dados                                      bssBANK0     00029
_TX2dados                                      bssBANK0     00027
_TXREG                                         (abs)        0019A
_TXSTA                                         (abs)        0019E
_TXSTAbits                                     (abs)        0019E
_WDTCON                                        (abs)        00097
_WDT_Initialize                                text6        00367
_WPUA                                          (abs)        0020C
_WPUB                                          (abs)        0020D
__H__absolute__                                __absolute__ 00000
__Habs1                                        abs1         00000
__Hbank0                                       bank0        00000
__Hbank1                                       bank1        00000
__Hbank10                                      bank10       00000
__Hbank11                                      bank11       00000
__Hbank12                                      bank12       00000
__Hbank13                                      bank13       00000
__Hbank14                                      bank14       00000
__Hbank15                                      bank15       00000
__Hbank16                                      bank16       00000
__Hbank17                                      bank17       00000
__Hbank18                                      bank18       00000
__Hbank19                                      bank19       00000
__Hbank2                                       bank2        00000
__Hbank20                                      bank20       00000
__Hbank21                                      bank21       00000
__Hbank22                                      bank22       00000
__Hbank23                                      bank23       00000
__Hbank24                                      bank24       00000
__Hbank25                                      bank25       00000
__Hbank26                                      bank26       00000
__Hbank27                                      bank27       00000
__Hbank28                                      bank28       00000
__Hbank29                                      bank29       00000
__Hbank3                                       bank3        00000
__Hbank30                                      bank30       00000
__Hbank31                                      bank31       00000
__Hbank4                                       bank4        00000
__Hbank5                                       bank5        00000
__Hbank6                                       bank6        00000
__Hbank7                                       bank7        00000
__Hbank8                                       bank8        00000
__Hbank9                                       bank9        00000
__Hbigram                                      bigram       00000
__HbssBANK0                                    bssBANK0     00000
__Hcinit                                       cinit        00035
__Hclrtext                                     clrtext      00000
__Hcode                                        code         00000
__Hcommon                                      common       00000
__Hconfig                                      config       08009
__HcstackBANK0                                 cstackBANK0  00000
__HcstackCOMMON                                cstackCOMMON 00000
__HdataBANK0                                   dataBANK0    00000
__Heeprom_data                                 eeprom_data  00000
__Hend_init                                    end_init     0001B
__Hfunctab                                     functab      00000
__Hheap                                        heap         00000
__HidataBANK0                                  idataBANK0   00000
__Hinit                                        init         00019
__Hintentry                                    intentry     00019
__Hmaintext                                    maintext     00000
__HnvBANK0                                     nvBANK0      00000
__Hpowerup                                     powerup      00000
__Hram                                         ram          00000
__Hreset_vec                                   reset_vec    00002
__Hsfr0                                        sfr0         00000
__Hsfr1                                        sfr1         00000
__Hsfr10                                       sfr10        00000
__Hsfr11                                       sfr11        00000
__Hsfr12                                       sfr12        00000
__Hsfr13                                       sfr13        00000
__Hsfr14                                       sfr14        00000
__Hsfr15                                       sfr15        00000
__Hsfr16                                       sfr16        00000
__Hsfr17                                       sfr17        00000
__Hsfr18                                       sfr18        00000
__Hsfr19                                       sfr19        00000
__Hsfr2                                        sfr2         00000
__Hsfr20                                       sfr20        00000
__Hsfr21                                       sfr21        00000
__Hsfr22                                       sfr22        00000
__Hsfr23                                       sfr23        00000
__Hsfr24                                       sfr24        00000
__Hsfr25                                       sfr25        00000
__Hsfr26                                       sfr26        00000
__Hsfr27                                       sfr27        00000
__Hsfr28                                       sfr28        00000
__Hsfr29                                       sfr29        00000
__Hsfr3                                        sfr3         00000
__Hsfr30                                       sfr30        00000
__Hsfr31                                       sfr31        00000
__Hsfr4                                        sfr4         00000
__Hsfr5                                        sfr5         00000
__Hsfr6                                        sfr6         00000
__Hsfr7                                        sfr7         00000
__Hsfr8                                        sfr8         00000
__Hsfr9                                        sfr9         00000
__Hsivt                                        sivt         00019
__Hspace_0                                     (abs)        0036C
__Hspace_1                                     (abs)        0007E
__Hspace_2                                     (abs)        00000
__Hspace_3                                     (abs)        00000
__Hspace_4                                     (abs)        10010
__Hstack                                       stack        00000
__Hstrings                                     strings      00000
__Htext                                        text         00000
__L__absolute__                                __absolute__ 00000
__Labs1                                        abs1         00000
__Lbank0                                       bank0        00000
__Lbank1                                       bank1        00000
__Lbank10                                      bank10       00000
__Lbank11                                      bank11       00000
__Lbank12                                      bank12       00000
__Lbank13                                      bank13       00000
__Lbank14                                      bank14       00000
__Lbank15                                      bank15       00000
__Lbank16                                      bank16       00000
__Lbank17                                      bank17       00000
__Lbank18                                      bank18       00000
__Lbank19                                      bank19       00000
__Lbank2                                       bank2        00000
__Lbank20                                      bank20       00000
__Lbank21                                      bank21       00000
__Lbank22                                      bank22       00000
__Lbank23                                      bank23       00000
__Lbank24                                      bank24       00000
__Lbank25                                      bank25       00000
__Lbank26                                      bank26       00000
__Lbank27                                      bank27       00000
__Lbank28                                      bank28       00000
__Lbank29                                      bank29       00000
__Lbank3                                       bank3        00000
__Lbank30                                      bank30       00000
__Lbank31                                      bank31       00000
__Lbank4                                       bank4        00000
__Lbank5                                       bank5        00000
__Lbank6                                       bank6        00000
__Lbank7                                       bank7        00000
__Lbank8                                       bank8        00000
__Lbank9                                       bank9        00000
__Lbigram                                      bigram       00000
__LbssBANK0                                    bssBANK0     00000
__Lcinit                                       cinit        0001B
__Lclrtext                                     clrtext      00000
__Lcode                                        code         00000
__Lcommon                                      common       00000
__Lconfig                                      config       00000
__LcstackBANK0                                 cstackBANK0  00000
__LcstackCOMMON                                cstackCOMMON 00000
__LdataBANK0                                   dataBANK0    00000
__Leeprom_data                                 eeprom_data  00000
__Lend_init                                    end_init     00019
__Lfunctab                                     functab      00000
__Lheap                                        heap         00000
__LidataBANK0                                  idataBANK0   00000
__Linit                                        init         00019
__Lintentry                                    intentry     00004
__Lmaintext                                    maintext     00000
__LnvBANK0                                     nvBANK0      00000
__Lpowerup                                     powerup      00000
__Lram                                         ram          00000
__Lreset_vec                                   reset_vec    00000
__Lsfr0                                        sfr0         00000
__Lsfr1                                        sfr1         00000
__Lsfr10                                       sfr10        00000
__Lsfr11                                       sfr11        00000
__Lsfr12                                       sfr12        00000
__Lsfr13                                       sfr13        00000
__Lsfr14                                       sfr14        00000
__Lsfr15                                       sfr15        00000
__Lsfr16                                       sfr16        00000
__Lsfr17                                       sfr17        00000
__Lsfr18                                       sfr18        00000
__Lsfr19                                       sfr19        00000
__Lsfr2                                        sfr2         00000
__Lsfr20                                       sfr20        00000
__Lsfr21                                       sfr21        00000
__Lsfr22                                       sfr22        00000
__Lsfr23                                       sfr23        00000
__Lsfr24                                       sfr24        00000
__Lsfr25                                       sfr25        00000
__Lsfr26                                       sfr26        00000
__Lsfr27                                       sfr27        00000
__Lsfr28                                       sfr28        00000
__Lsfr29                                       sfr29        00000
__Lsfr3                                        sfr3         00000
__Lsfr30                                       sfr30        00000
__Lsfr31                                       sfr31        00000
__Lsfr4                                        sfr4         00000
__Lsfr5                                        sfr5         00000
__Lsfr6                                        sfr6         00000
__Lsfr7                                        sfr7         00000
__Lsfr8                                        sfr8         00000
__Lsfr9                                        sfr9         00000
__Lsivt                                        sivt         00019
__Lspace_0                                     (abs)        00000
__Lspace_1                                     (abs)        00000
__Lspace_2                                     (abs)        00000
__Lspace_3                                     (abs)        00000
__Lspace_4                                     (abs)        00000
__Lstack                                       stack        00000
__Lstrings                                     strings      00000
__Ltext                                        text         00000
__S0                                           (abs)        0036C
__S1                                           (abs)        0007E
__S3                                           (abs)        00000
___heap_hi                                     (abs)        00000
___heap_lo                                     (abs)        00000
___int_sp                                      stack        00000
___int_stack_hi                                stack        00000
___int_stack_lo                                stack        00000
___latbits                                     (abs)        00001
___lwdiv                                       text3        0019F
___lwdiv@counter                               cstackBANK0  0003C
___lwdiv@dividend                              cstackBANK0  00038
___lwdiv@divisor                               cstackBANK0  00036
___lwdiv@quotient                              cstackBANK0  0003A
___sp                                          stack        00000
___stack_hi                                    stack        00000
___stack_lo                                    stack        00000
___stackhi                                     (abs)        00000
___stacklo                                     (abs)        00000
___wmul                                        text26       00225
___wmul@multiplicand                           cstackCOMMON 00076
___wmul@multiplier                             cstackCOMMON 00074
___wmul@product                                cstackCOMMON 00078
__end_of_ADC_GetConversion                     text28       00299
__end_of_ADC_Initialize                        text17       00338
__end_of_EPWM2_Initialize                      text16       00311
__end_of_EPWM2_LoadDutyValue                   text4        0027E
__end_of_EUSART_Initialize                     text12       00225
__end_of_EUSART_Read                           text19       00304
__end_of_EUSART_SetErrorHandler                text15       0035D
__end_of_EUSART_SetFramingErrorHandler         text14       00357
__end_of_EUSART_SetOverrunErrorHandler         text13       00351
__end_of_EUSART_Write                          text27       00328
__end_of_EUSART_is_rx_ready                    text18       00367
__end_of_INTERRUPT_InterruptManager            intentry     00019
__end_of_OSCILLATOR_Initialize                 text11       0033F
__end_of_PIN_MANAGER_Initialize                text10       002E4
__end_of_SYSTEM_Initialize                     text5        002B2
__end_of_TMR1_CallBack                         text23       0031E
__end_of_TMR1_DefaultInterruptHandler          text24       0036C
__end_of_TMR1_ISR                              text21       00262
__end_of_TMR1_Initialize                       text8        002CB
__end_of_TMR1_SetInterruptHandler              text9        0034B
__end_of_TMR1_WriteTimer                       text22       002F5
__end_of_TMR2_Initialize                       text7        00330
__end_of_TRUSART                               text25       000CC
__end_of_WDT_Initialize                        text6        0036B
__end_of___lwdiv                               text3        001DA
__end_of___wmul                                text26       00244
__end_of__initialization                       cinit        00031
__end_of_desloca                               text1        00200
__end_of_main                                  maintext     0019F
__end_of_selecaoRX                             text2        0015B
__initialization                               cinit        0001B
__pbssBANK0                                    bssBANK0     00020
__pcstackBANK0                                 cstackBANK0  00036
__pcstackCOMMON                                cstackCOMMON 00070
__pdataBANK0                                   dataBANK0    0004B
__pidataBANK0                                  idataBANK0   0035D
__pintentry                                    intentry     00004
__pmaintext                                    maintext     0015B
__pnvBANK0                                     nvBANK0      00043
__ptext1                                       text1        001DA
__ptext10                                      text10       002CB
__ptext11                                      text11       00338
__ptext12                                      text12       00200
__ptext13                                      text13       0034B
__ptext14                                      text14       00351
__ptext15                                      text15       00357
__ptext16                                      text16       00304
__ptext17                                      text17       00330
__ptext18                                      text18       00362
__ptext19                                      text19       002F5
__ptext2                                       text2        000CC
__ptext21                                      text21       00244
__ptext22                                      text22       002E4
__ptext23                                      text23       00311
__ptext24                                      text24       0036B
__ptext25                                      text25       00035
__ptext26                                      text26       00225
__ptext27                                      text27       0031E
__ptext28                                      text28       0027E
__ptext3                                       text3        0019F
__ptext4                                       text4        00262
__ptext5                                       text5        00299
__ptext6                                       text6        00367
__ptext7                                       text7        00328
__ptext8                                       text8        002B2
__ptext9                                       text9        00345
_countRx                                       bssBANK0     00033
_desloca                                       text1        001DA
_eusartRxLastError                             bssBANK0     00035
_main                                          maintext     0015B
_readrx                                        bssBANK0     00034
_selecaoRX                                     text2        000CC
_swit                                          dataBANK0    0004F
_timer1ReloadVal                               bssBANK0     0002F
_vGAINl                                        dataBANK0    0004D
_vGAINt                                        dataBANK0    0004B
_vPWM                                          bssBANK0     00025
btemp                                          (abs)        0007E
clear_ram0                                     clrtext      0033F
end_of_initialization                          cinit        00031
int$flags                                      (abs)        0007E
intlevel0                                      functab      00000
intlevel1                                      functab      00000
intlevel2                                      functab      00000
intlevel3                                      functab      00000
intlevel4                                      functab      00000
intlevel5                                      functab      00000
reset_vec                                      reset_vec    00000
start                                          init         00019
start_initialization                           cinit        0001B
wtemp0                                         (abs)        0007E


MODULE INFORMATION

Module		Function		Class		Link	Load	Size
C:\Program Files\Microchip\xc8\v2.50\pic\sources\c99\common\Umul16.c
		___wmul        		CODE           	0225	0000	31

C:\Program Files\Microchip\xc8\v2.50\pic\sources\c99\common\Umul16.c estimated size: 31

mcc_generated_files/tmr2.c
		_TMR2_Initialize		CODE           	0328	0000	8

mcc_generated_files/tmr2.c estimated size: 8

mcc_generated_files/interrupt_manager.c
		_INTERRUPT_InterruptManager		CODE           	0004	0000	21

mcc_generated_files/interrupt_manager.c estimated size: 21

mcc_generated_files/epwm2.c
		_EPWM2_LoadDutyValue		CODE           	0262	0000	28
		_EPWM2_Initialize		CODE           	0304	0000	13

mcc_generated_files/epwm2.c estimated size: 41

mcc_generated_files/pin_manager.c
		_PIN_MANAGER_Initialize		CODE           	02CB	0000	25

mcc_generated_files/pin_manager.c estimated size: 25

mcc_generated_files/adc.c
		_ADC_Initialize		CODE           	0330	0000	8
		_ADC_GetConversion		CODE           	027E	0000	27

mcc_generated_files/adc.c estimated size: 35

shared
		__initialization		CODE           	001B	0000	22

shared estimated size: 22

mcc_generated_files/mcc.c
		_WDT_Initialize		CODE           	0367	0000	4
		_OSCILLATOR_Initialize		CODE           	0338	0000	7
		_SYSTEM_Initialize		CODE           	0299	0000	25

mcc_generated_files/mcc.c estimated size: 36

C:\Program Files\Microchip\xc8\v2.50\pic\sources\c99\common\lwdiv.c
		___lwdiv       		CODE           	019F	0000	59

C:\Program Files\Microchip\xc8\v2.50\pic\sources\c99\common\lwdiv.c estimated size: 59

mcc_generated_files/tmr1.c
		_TMR1_Initialize		CODE           	02B2	0000	25
		_TMR1_SetInterruptHandler		CODE           	0345	0000	6
		_TMR1_DefaultInterruptHandler		CODE           	036B	0000	1
		_TMR1_CallBack 		CODE           	0311	0000	13
		_TMR1_WriteTimer		CODE           	02E4	0000	17
		_TMR1_ISR      		CODE           	0244	0000	30

mcc_generated_files/tmr1.c estimated size: 92

mcc_generated_files/eusart.c
		_EUSART_Read   		CODE           	02F5	0000	15
		_EUSART_Write  		CODE           	031E	0000	10
		_EUSART_Initialize		CODE           	0200	0000	37
		_EUSART_SetFramingErrorHandler		CODE           	0351	0000	6
		_EUSART_SetErrorHandler		CODE           	0357	0000	6
		_EUSART_SetOverrunErrorHandler		CODE           	034B	0000	6
		_EUSART_is_rx_ready		CODE           	0362	0000	5

mcc_generated_files/eusart.c estimated size: 85

main.c
		_main          		CODE           	015B	0000	68
		_desloca       		CODE           	01DA	0000	38
		_selecaoRX     		CODE           	00CC	0000	143
		_TRUSART       		CODE           	0035	0000	151

main.c estimated size: 400

